Archive member included to satisfy reference by file (symbol)

c:/siliconlabs/simplicitystudio/v5/developer/toolchains/gnu_arm/7.2_2017q4/bin/../lib/gcc/arm-none-eabi/7.2.1/thumb/v7e-m/fpv4-sp/softfp\libgcc.a(_arm_addsubdf3.o)
                              ./display.o (__aeabi_i2d)
c:/siliconlabs/simplicitystudio/v5/developer/toolchains/gnu_arm/7.2_2017q4/bin/../lib/gcc/arm-none-eabi/7.2.1/thumb/v7e-m/fpv4-sp/softfp\libgcc.a(_arm_fixdfsi.o)
                              ./display.o (__aeabi_d2iz)
c:/siliconlabs/simplicitystudio/v5/developer/toolchains/gnu_arm/7.2_2017q4/bin/../lib/gcc/arm-none-eabi/7.2.1/../../../../arm-none-eabi/lib/thumb/v7e-m/fpv4-sp/softfp\libc_nano.a(lib_a-exit.o)
                              c:/siliconlabs/simplicitystudio/v5/developer/toolchains/gnu_arm/7.2_2017q4/bin/../lib/gcc/arm-none-eabi/7.2.1/../../../../arm-none-eabi/lib/thumb/v7e-m/fpv4-sp/softfp/crt0.o (exit)
c:/siliconlabs/simplicitystudio/v5/developer/toolchains/gnu_arm/7.2_2017q4/bin/../lib/gcc/arm-none-eabi/7.2.1/../../../../arm-none-eabi/lib/thumb/v7e-m/fpv4-sp/softfp\libc_nano.a(lib_a-impure.o)
                              c:/siliconlabs/simplicitystudio/v5/developer/toolchains/gnu_arm/7.2_2017q4/bin/../lib/gcc/arm-none-eabi/7.2.1/../../../../arm-none-eabi/lib/thumb/v7e-m/fpv4-sp/softfp\libc_nano.a(lib_a-exit.o) (_global_impure_ptr)
c:/siliconlabs/simplicitystudio/v5/developer/toolchains/gnu_arm/7.2_2017q4/bin/../lib/gcc/arm-none-eabi/7.2.1/../../../../arm-none-eabi/lib/thumb/v7e-m/fpv4-sp/softfp\libc_nano.a(lib_a-init.o)
                              c:/siliconlabs/simplicitystudio/v5/developer/toolchains/gnu_arm/7.2_2017q4/bin/../lib/gcc/arm-none-eabi/7.2.1/../../../../arm-none-eabi/lib/thumb/v7e-m/fpv4-sp/softfp/crt0.o (__libc_init_array)
c:/siliconlabs/simplicitystudio/v5/developer/toolchains/gnu_arm/7.2_2017q4/bin/../lib/gcc/arm-none-eabi/7.2.1/../../../../arm-none-eabi/lib/thumb/v7e-m/fpv4-sp/softfp\libc_nano.a(lib_a-memcpy-stub.o)
                              ./app.o (memcpy)
c:/siliconlabs/simplicitystudio/v5/developer/toolchains/gnu_arm/7.2_2017q4/bin/../lib/gcc/arm-none-eabi/7.2.1/../../../../arm-none-eabi/lib/thumb/v7e-m/fpv4-sp/softfp\libc_nano.a(lib_a-memset.o)
                              c:/siliconlabs/simplicitystudio/v5/developer/toolchains/gnu_arm/7.2_2017q4/bin/../lib/gcc/arm-none-eabi/7.2.1/../../../../arm-none-eabi/lib/thumb/v7e-m/fpv4-sp/softfp/crt0.o (memset)
c:/siliconlabs/simplicitystudio/v5/developer/toolchains/gnu_arm/7.2_2017q4/bin/../lib/gcc/arm-none-eabi/7.2.1/../../../../arm-none-eabi/lib/thumb/v7e-m/fpv4-sp/softfp\libm.a(lib_a-w_sqrt.o)
                              ./display.o (sqrt)
c:/siliconlabs/simplicitystudio/v5/developer/toolchains/gnu_arm/7.2_2017q4/bin/../lib/gcc/arm-none-eabi/7.2.1/../../../../arm-none-eabi/lib/thumb/v7e-m/fpv4-sp/softfp\libm.a(lib_a-e_sqrt.o)
                              c:/siliconlabs/simplicitystudio/v5/developer/toolchains/gnu_arm/7.2_2017q4/bin/../lib/gcc/arm-none-eabi/7.2.1/../../../../arm-none-eabi/lib/thumb/v7e-m/fpv4-sp/softfp\libm.a(lib_a-w_sqrt.o) (__ieee754_sqrt)
c:/siliconlabs/simplicitystudio/v5/developer/toolchains/gnu_arm/7.2_2017q4/bin/../lib/gcc/arm-none-eabi/7.2.1/../../../../arm-none-eabi/lib/thumb/v7e-m/fpv4-sp/softfp\libm.a(lib_a-s_lib_ver.o)
                              c:/siliconlabs/simplicitystudio/v5/developer/toolchains/gnu_arm/7.2_2017q4/bin/../lib/gcc/arm-none-eabi/7.2.1/../../../../arm-none-eabi/lib/thumb/v7e-m/fpv4-sp/softfp\libm.a(lib_a-w_sqrt.o) (__fdlib_version)
c:/siliconlabs/simplicitystudio/v5/developer/toolchains/gnu_arm/7.2_2017q4/bin/../lib/gcc/arm-none-eabi/7.2.1/../../../../arm-none-eabi/lib/thumb/v7e-m/fpv4-sp/softfp\libm.a(lib_a-s_matherr.o)
                              c:/siliconlabs/simplicitystudio/v5/developer/toolchains/gnu_arm/7.2_2017q4/bin/../lib/gcc/arm-none-eabi/7.2.1/../../../../arm-none-eabi/lib/thumb/v7e-m/fpv4-sp/softfp\libm.a(lib_a-w_sqrt.o) (matherr)
c:/siliconlabs/simplicitystudio/v5/developer/toolchains/gnu_arm/7.2_2017q4/bin/../lib/gcc/arm-none-eabi/7.2.1/../../../../arm-none-eabi/lib/thumb/v7e-m/fpv4-sp/softfp\libnosys.a(_exit.o)
                              c:/siliconlabs/simplicitystudio/v5/developer/toolchains/gnu_arm/7.2_2017q4/bin/../lib/gcc/arm-none-eabi/7.2.1/../../../../arm-none-eabi/lib/thumb/v7e-m/fpv4-sp/softfp\libc_nano.a(lib_a-exit.o) (_exit)
c:/siliconlabs/simplicitystudio/v5/developer/toolchains/gnu_arm/7.2_2017q4/bin/../lib/gcc/arm-none-eabi/7.2.1/thumb/v7e-m/fpv4-sp/softfp\libgcc.a(_arm_muldivdf3.o)
                              c:/siliconlabs/simplicitystudio/v5/developer/toolchains/gnu_arm/7.2_2017q4/bin/../lib/gcc/arm-none-eabi/7.2.1/../../../../arm-none-eabi/lib/thumb/v7e-m/fpv4-sp/softfp\libm.a(lib_a-e_sqrt.o) (__aeabi_dmul)
c:/siliconlabs/simplicitystudio/v5/developer/toolchains/gnu_arm/7.2_2017q4/bin/../lib/gcc/arm-none-eabi/7.2.1/thumb/v7e-m/fpv4-sp/softfp\libgcc.a(_arm_cmpdf2.o)
[...]
Memory Configuration

Name             Origin             Length             Attributes
FLASH            0x00000000         0x00100000         xr
RAM              0x20000000         0x00030000         xrw
*default*        0x00000000         0xffffffff

Linker script and memory map

LOAD c:/siliconlabs/simplicitystudio/v5/developer/toolchains/gnu_arm/7.2_2017q4/bin/../lib/gcc/arm-none-eabi/7.2.1/thumb/v7e-m/fpv4-sp/softfp/crti.o
LOAD c:/siliconlabs/simplicitystudio/v5/developer/toolchains/gnu_arm/7.2_2017q4/bin/../lib/gcc/arm-none-eabi/7.2.1/thumb/v7e-m/fpv4-sp/softfp/crtbegin.o
LOAD c:/siliconlabs/simplicitystudio/v5/developer/toolchains/gnu_arm/7.2_2017q4/bin/../lib/gcc/arm-none-eabi/7.2.1/../../../../arm-none-eabi/lib/thumb/v7e-m/fpv4-sp/softfp/crt0.o
START GROUP
LOAD ./LE_timer0.o
LOAD ./LaunchPad.o
LOAD ./Logging.o
LOAD ./Maze.o
LOAD ./Motor_withPI.o
LOAD ./Reflectance_ADC.o
LOAD ./SysTickInts.o
LOAD ./Tachometer.o
LOAD ./UART0.o
LOAD ./app.o
LOAD ./battery.o
LOAD ./color_tcs34725.o
LOAD ./commandline.o
LOAD ./configure.o
LOAD ./crc.o
LOAD ./display.o
LOAD ./display_ssd1327.o
LOAD ./fonts.o
LOAD ./i2c_drv.o
LOAD ./keyboard.o
LOAD ./main.o
LOAD ./placeholder.o
LOAD ./profiler.o
LOAD ./rand.o
LOAD ./spi_drv.o
LOAD ./autogen/sl_board_default_init.o
LOAD ./autogen/sl_device_init_clocks.o
LOAD ./autogen/sl_event_handler.o
LOAD ./gecko_sdk_4.0.2/hardware/board/src/sl_board_control_gpio.o
LOAD ./gecko_sdk_4.0.2/hardware/board/src/sl_board_init.o
LOAD ./gecko_sdk_4.0.2/platform/Device/SiliconLabs/EFM32GG12B/Source/GCC/startup_efm32gg12b.o
LOAD ./gecko_sdk_4.0.2/platform/Device/SiliconLabs/EFM32GG12B/Source/system_efm32gg12b.o
LOAD ./gecko_sdk_4.0.2/platform/common/toolchain/src/sl_memory.o
LOAD ./gecko_sdk_4.0.2/platform/emlib/src/em_assert.o
LOAD ./gecko_sdk_4.0.2/platform/emlib/src/em_cmu.o
LOAD ./gecko_sdk_4.0.2/platform/emlib/src/em_core.o
LOAD ./gecko_sdk_4.0.2/platform/emlib/src/em_emu.o
LOAD ./gecko_sdk_4.0.2/platform/emlib/src/em_gpio.o
LOAD ./gecko_sdk_4.0.2/platform/emlib/src/em_ldma.o
LOAD ./gecko_sdk_4.0.2/platform/emlib/src/em_system.o
LOAD ./gecko_sdk_4.0.2/platform/service/device_init/src/sl_device_init_dcdc_s1.o
LOAD ./gecko_sdk_4.0.2/platform/service/device_init/src/sl_device_init_emu_s1.o
LOAD ./gecko_sdk_4.0.2/platform/service/device_init/src/sl_device_init_hfxo_s1.o
LOAD ./gecko_sdk_4.0.2/platform/service/device_init/src/sl_device_init_lfxo_s1.o
LOAD ./gecko_sdk_4.0.2/platform/service/device_init/src/sl_device_init_nvic.o
LOAD ./gecko_sdk_4.0.2/platform/service/system/src/sl_system_init.o
LOAD ./gecko_sdk_4.0.2/platform/service/system/src/sl_system_process_action.o
LOAD c:/siliconlabs/simplicitystudio/v5/developer/toolchains/gnu_arm/7.2_2017q4/bin/../lib/gcc/arm-none-eabi/7.2.1/thumb/v7e-m/fpv4-sp/softfp\libgcc.a
LOAD c:/siliconlabs/simplicitystudio/v5/developer/toolchains/gnu_arm/7.2_2017q4/bin/../lib/gcc/arm-none-eabi/7.2.1/../../../../arm-none-eabi/lib/thumb/v7e-m/fpv4-sp/softfp\libc_nano.a
LOAD c:/siliconlabs/simplicitystudio/v5/developer/toolchains/gnu_arm/7.2_2017q4/bin/../lib/gcc/arm-none-eabi/7.2.1/../../../../arm-none-eabi/lib/thumb/v7e-m/fpv4-sp/softfp\libm.a
LOAD c:/siliconlabs/simplicitystudio/v5/developer/toolchains/gnu_arm/7.2_2017q4/bin/../lib/gcc/arm-none-eabi/7.2.1/../../../../arm-none-eabi/lib/thumb/v7e-m/fpv4-sp/softfp\libnosys.a
END GROUP
START GROUP
LOAD c:/siliconlabs/simplicitystudio/v5/developer/toolchains/gnu_arm/7.2_2017q4/bin/../lib/gcc/arm-none-eabi/7.2.1/thumb/v7e-m/fpv4-sp/softfp\libgcc.a
LOAD c:/siliconlabs/simplicitystudio/v5/developer/toolchains/gnu_arm/7.2_2017q4/bin/../lib/gcc/arm-none-eabi/7.2.1/../../../../arm-none-eabi/lib/thumb/v7e-m/fpv4-sp/softfp\libc_nano.a
LOAD c:/siliconlabs/simplicitystudio/v5/developer/toolchains/gnu_arm/7.2_2017q4/bin/../lib/gcc/arm-none-eabi/7.2.1/../../../../arm-none-eabi/lib/thumb/v7e-m/fpv4-sp/softfp\libnosys.a
END GROUP
START GROUP
LOAD c:/siliconlabs/simplicitystudio/v5/developer/toolchains/gnu_arm/7.2_2017q4/bin/../lib/gcc/arm-none-eabi/7.2.1/thumb/v7e-m/fpv4-sp/softfp\libgcc.a
LOAD c:/siliconlabs/simplicitystudio/v5/developer/toolchains/gnu_arm/7.2_2017q4/bin/../lib/gcc/arm-none-eabi/7.2.1/../../../../arm-none-eabi/lib/thumb/v7e-m/fpv4-sp/softfp\libg_nano.a
LOAD c:/siliconlabs/simplicitystudio/v5/developer/toolchains/gnu_arm/7.2_2017q4/bin/../lib/gcc/arm-none-eabi/7.2.1/../../../../arm-none-eabi/lib/thumb/v7e-m/fpv4-sp/softfp\libc_nano.a
END GROUP
START GROUP
LOAD c:/siliconlabs/simplicitystudio/v5/developer/toolchains/gnu_arm/7.2_2017q4/bin/../lib/gcc/arm-none-eabi/7.2.1/thumb/v7e-m/fpv4-sp/softfp\libgcc.a
LOAD c:/siliconlabs/simplicitystudio/v5/developer/toolchains/gnu_arm/7.2_2017q4/bin/../lib/gcc/arm-none-eabi/7.2.1/../../../../arm-none-eabi/lib/thumb/v7e-m/fpv4-sp/softfp\libc_nano.a
END GROUP
LOAD c:/siliconlabs/simplicitystudio/v5/developer/toolchains/gnu_arm/7.2_2017q4/bin/../lib/gcc/arm-none-eabi/7.2.1/thumb/v7e-m/fpv4-sp/softfp/crtend.o
LOAD c:/siliconlabs/simplicitystudio/v5/developer/toolchains/gnu_arm/7.2_2017q4/bin/../lib/gcc/arm-none-eabi/7.2.1/thumb/v7e-m/fpv4-sp/softfp/crtn.o

.text           0x00000000    0x127a4
                0x00000000                linker_vectors_begin = .
 *(.vectors)
 .vectors       0x00000000      0x130 ./gecko_sdk_4.0.2/platform/Device/SiliconLabs/EFM32GG12B/Source/GCC/startup_efm32gg12b.o
                0x00000000                __Vectors
                0x00000130                linker_vectors_end = .
                0x00000130                __Vectors_End = .
                0x00000130                __Vectors_Size = (__Vectors_End - __Vectors)
                0x00000130                linker_code_begin = .
 *(.text*)
 .text          0x00000130       0x40 c:/siliconlabs/simplicitystudio/v5/developer/toolchains/gnu_arm/7.2_2017q4/bin/../lib/gcc/arm-none-eabi/7.2.1/thumb/v7e-m/fpv4-sp/softfp/crtbegin.o
 .text          0x00000170       0x74 c:/siliconlabs/simplicitystudio/v5/developer/toolchains/gnu_arm/7.2_2017q4/bin/../lib/gcc/arm-none-eabi/7.2.1/../../../../arm-none-eabi/lib/thumb/v7e-m/fpv4-sp/softfp/crt0.o
                0x00000170                _start
                0x00000170                _mainCRTStartup
 .text.__NVIC_EnableIRQ
                0x000001e4       0x34 ./LE_timer0.o
 .text.__NVIC_SetPriority
                0x00000218       0x50 ./LE_timer0.o
 .text.le_timer_Init
                0x00000268       0x38 ./LE_timer0.o
                0x00000268                le_timer_Init
 .text.LETIMER0_IRQHandler
                0x000002a0       0x18 ./LE_timer0.o
                0x000002a0                LETIMER0_IRQHandler
 .text.letimer_delay_ms
                0x000002b8       0x78 ./LE_timer0.o
                0x000002b8                letimer_delay_ms
 .text.BUS_RamBitWrite
                0x00000330       0x24 ./LaunchPad.o
 .text.BUS_RegBitWrite
                0x00000354       0x3c ./LaunchPad.o
 .text.BUS_RegBitRead
                0x00000390       0x20 ./LaunchPad.o
 .text.BUS_RegMaskedSet
                0x000003b0       0x1a ./LaunchPad.o
 .text.BUS_RegMaskedClear
                0x000003ca       0x1a ./LaunchPad.o
 .text.GPIO_PinInGet
                0x000003e4       0xa4 ./LaunchPad.o
 .text.GPIO_PinOutClear
                0x00000488       0xac ./LaunchPad.o
 .text.GPIO_PinOutSet
                0x00000534       0xac ./LaunchPad.o
 .text.LaunchPad_Init
                0x000005e0       0x66 ./LaunchPad.o
                0x000005e0                LaunchPad_Init
 .text.LaunchPad_Input
                0x00000646       0x2c ./LaunchPad.o
                0x00000646                LaunchPad_Input
 .text.LaunchPad_LED
                0x00000672       0x2c ./LaunchPad.o
                0x00000672                LaunchPad_LED
 *fill*         0x0000069e        0x2 
 .text.LaunchPad_Output
                0x000006a0       0xa8 ./LaunchPad.o
                0x000006a0                LaunchPad_Output
 .text.LaunchPad_Output1
                0x00000748       0x74 ./LaunchPad.o
                0x00000748                LaunchPad_Output1
 .text.data_log_init
                0x000007bc      0x130 ./Logging.o
                0x000007bc                data_log_init
 .text.add_data_log
                0x000008ec       0xf0 ./Logging.o
                0x000008ec                add_data_log
 .text.data_log
                0x000009dc      0x250 ./Logging.o
                0x000009dc                data_log
 .text.data_log_finish
                0x00000c2c      0x138 ./Logging.o
                0x00000c2c                data_log_finish
 .text.SelectTurn
                0x00000d64       0x62 ./Maze.o
                0x00000d64                SelectTurn
 *fill*         0x00000dc6        0x2 
 .text.update_coordinate
                0x00000dc8       0x7c ./Maze.o
                0x00000dc8                update_coordinate
 .text.PlayMaze
                0x00000e44      0x164 ./Maze.o
                0x00000e44                PlayMaze
 .text.SpeedPlay
                0x00000fa8       0x30 ./Maze.o
                0x00000fa8                SpeedPlay
 .text.solveMaze
                0x00000fd8      0xe70 ./Maze.o
                0x00000fd8                solveMaze
 .text.insert_val
                0x00001e48       0x7c ./Maze.o
 .text.extract_val
                0x00001ec4       0x20 ./Maze.o
 .text.Explore_Maze
                0x00001ee4       0x50 ./Maze.o
                0x00001ee4                Explore_Maze
 .text.DrawMap  0x00001f34       0x2c ./Maze.o
                0x00001f34                DrawMap
 .text.search_way_simple
                0x00001f60      0x370 ./Maze.o
                0x00001f60                search_way_simple
 .text.__NVIC_EnableIRQ
                0x000022d0       0x34 ./Motor_withPI.o
 .text.__NVIC_SetPriority
                0x00002304       0x50 ./Motor_withPI.o
 .text.BUS_RegBitWrite
                0x00002354       0x3c ./Motor_withPI.o
 .text.Motor_PWM
                0x00002390       0x8c ./Motor_withPI.o
                0x00002390                Motor_PWM
 .text.Controller
                0x0000241c      0x24c ./Motor_withPI.o
                0x0000241c                Controller
 .text.Motor_Init
                0x00002668       0xbc ./Motor_withPI.o
                0x00002668                Motor_Init
 .text.TIMER1_IRQHandler
                0x00002724       0x50 ./Motor_withPI.o
                0x00002724                TIMER1_IRQHandler
 .text.Motor_Speed
                0x00002774       0x34 ./Motor_withPI.o
                0x00002774                Motor_Speed
 .text.Motor_Enable
                0x000027a8       0x14 ./Motor_withPI.o
                0x000027a8                Motor_Enable
 .text.Motor_Disable
                0x000027bc       0x14 ./Motor_withPI.o
                0x000027bc                Motor_Disable
 .text.TestMotor
                0x000027d0      0x1a8 ./Motor_withPI.o
                0x000027d0                TestMotor
 .text.Reflectance_Init_with_Timer
                0x00002978      0x17c ./Reflectance_ADC.o
                0x00002978                Reflectance_Init_with_Timer
 .text.ldma_adc_eoc
                0x00002af4      0x158 ./Reflectance_ADC.o
                0x00002af4                ldma_adc_eoc
 .text.line_error
                0x00002c4c       0xc0 ./Reflectance_ADC.o
                0x00002c4c                line_error
 .text.set_threshold
                0x00002d0c        0xa ./Reflectance_ADC.o
                0x00002d0c                set_threshold
 *fill*         0x00002d16        0x2 
 .text.TestReflect
                0x00002d18      0x460 ./Reflectance_ADC.o
                0x00002d18                TestReflect
 .text.SysTick_Init
                0x00003178       0x3c ./SysTickInts.o
                0x00003178                SysTick_Init
 .text.__NVIC_EnableIRQ
                0x000031b4       0x34 ./Tachometer.o
 .text.__NVIC_SetPriority
                0x000031e8       0x50 ./Tachometer.o
 .text.tachometerwLeftInt
                0x00003238       0xb0 ./Tachometer.o
                0x00003238                tachometerwLeftInt
 .text.tachometerwRightInt
                0x000032e8       0xb0 ./Tachometer.o
                0x000032e8                tachometerwRightInt
 .text.tachometerLeftInt
                0x00003398       0xe0 ./Tachometer.o
                0x00003398                tachometerLeftInt
 .text.tachometerRightInt
                0x00003478       0xe0 ./Tachometer.o
                0x00003478                tachometerRightInt
 .text.tachometrInt
                0x00003558       0x3c ./Tachometer.o
                0x00003558                tachometrInt
 .text.tachometer_init
                0x00003594      0x178 ./Tachometer.o
                0x00003594                tachometer_init
 .text.TIMER0_IRQHandler
                0x0000370c       0x5c ./Tachometer.o
                0x0000370c                TIMER0_IRQHandler
 .text.WTIMER0_IRQHandler
                0x00003768       0x44 ./Tachometer.o
                0x00003768                WTIMER0_IRQHandler
 .text.reset_steps
                0x000037ac       0x18 ./Tachometer.o
                0x000037ac                reset_steps
 .text.Tachometer_Get
                0x000037c4       0x40 ./Tachometer.o
                0x000037c4                Tachometer_Get
 .text.TestTachom
                0x00003804      0x238 ./Tachometer.o
                0x00003804                TestTachom
 .text.__NVIC_EnableIRQ
                0x00003a3c       0x34 ./UART0.o
 .text.__NVIC_SetPriority
                0x00003a70       0x50 ./UART0.o
 .text.BUS_RegMaskedSet
                0x00003ac0       0x1a ./UART0.o
 .text.BUS_RegMaskedClear
                0x00003ada       0x1a ./UART0.o
 .text.UART0_Init
                0x00003af4       0xf0 ./UART0.o
                0x00003af4                UART0_Init
 .text.UART0_Out
                0x00003be4       0x5c ./UART0.o
                0x00003be4                UART0_Out
 .text.USART0_TX_IRQHandler
                0x00003c40       0x68 ./UART0.o
                0x00003c40                USART0_TX_IRQHandler
 .text.USART0_RX_IRQHandler
                0x00003ca8       0x64 ./UART0.o
                0x00003ca8                USART0_RX_IRQHandler
 .text.UART0_In
                0x00003d0c       0x58 ./UART0.o
                0x00003d0c                UART0_In
 .text.UART0_OutChar
                0x00003d64       0x26 ./UART0.o
                0x00003d64                UART0_OutChar
 .text.UART0_OutString
                0x00003d8a       0x28 ./UART0.o
                0x00003d8a                UART0_OutString
 *fill*         0x00003db2        0x2 
 .text.UART0_OutUDec
                0x00003db4       0x4c ./UART0.o
                0x00003db4                UART0_OutUDec
 .text.app_init
                0x00003e00      0x18c ./app.o
                0x00003e00                app_init
 .text.app_process_action
                0x00003f8c       0x2c ./app.o
                0x00003f8c                app_process_action
 .text.SysTick_Handler
                0x00003fb8       0x50 ./app.o
                0x00003fb8                SysTick_Handler
 .text.HardFault_Handler
                0x00004008       0x14 ./app.o
                0x00004008                HardFault_Handler
 .text.__NVIC_EnableIRQ
                0x0000401c       0x34 ./battery.o
 .text.__NVIC_SetPriority
                0x00004050       0x50 ./battery.o
 .text.LPF__Init
                0x000040a0       0x5a ./battery.o
                0x000040a0                LPF__Init
 *fill*         0x000040fa        0x2 
 .text.LPF__Calc
                0x000040fc       0x7c ./battery.o
                0x000040fc                LPF__Calc
 .text.init_battery
                0x00004178       0xd0 ./battery.o
                0x00004178                init_battery
 .text.ADC0_IRQHandler
                0x00004248       0x40 ./battery.o
                0x00004248                ADC0_IRQHandler
 .text.get_battery_voltage
                0x00004288       0x28 ./battery.o
                0x00004288                get_battery_voltage
 .text.ShowBattery
                0x000042b0       0x80 ./battery.o
                0x000042b0                ShowBattery
 .text.color_sensor_init
                0x00004330       0x6c ./color_tcs34725.o
                0x00004330                color_sensor_init
 .text.check_color
                0x0000439c      0x1a8 ./color_tcs34725.o
                0x0000439c                check_color
 .text.TestColor
                0x00004544       0xe0 ./color_tcs34725.o
                0x00004544                TestColor
 .text.input_command
                0x00004624      0x104 ./commandline.o
                0x00004624                input_command
 .text.dump_addlog
                0x00004728      0x45c ./commandline.o
                0x00004728                dump_addlog
 .text.dump_log
                0x00004b84      0x5e4 ./commandline.o
                0x00004b84                dump_log
 .text.show_path
                0x00005168       0xd8 ./commandline.o
                0x00005168                show_path
 .text.write_eeprom_config
                0x00005240       0x44 ./commandline.o
                0x00005240                write_eeprom_config
 .text.put_on_stack
                0x00005284       0x44 ./commandline.o
                0x00005284                put_on_stack
 .text.put_threshold
                0x000052c8       0x50 ./commandline.o
                0x000052c8                put_threshold
 .text.drop_stack
                0x00005318       0x2a ./commandline.o
                0x00005318                drop_stack
 .text.dup_stack
                0x00005342       0x64 ./commandline.o
                0x00005342                dup_stack
 .text.read_mem
                0x000053a6       0x48 ./commandline.o
                0x000053a6                read_mem
 .text.write_mem
                0x000053ee       0x52 ./commandline.o
                0x000053ee                write_mem
 .text.write_byte
                0x00005440       0x52 ./commandline.o
                0x00005440                write_byte
 .text.write_word
                0x00005492       0x52 ./commandline.o
                0x00005492                write_word
 .text.swap_stack
                0x000054e4       0x6a ./commandline.o
                0x000054e4                swap_stack
 .text.sum_stack
                0x0000554e       0x62 ./commandline.o
                0x0000554e                sum_stack
 .text.minus_stack
                0x000055b0       0x62 ./commandline.o
                0x000055b0                minus_stack
 .text.lshift_stack
                0x00005612       0x64 ./commandline.o
                0x00005612                lshift_stack
 .text.mult_stack
                0x00005676       0x64 ./commandline.o
                0x00005676                mult_stack
 .text.div_stack
                0x000056da       0x64 ./commandline.o
                0x000056da                div_stack
 .text.and_stack
                0x0000573e       0x62 ./commandline.o
                0x0000573e                and_stack
 .text.or_stack
                0x000057a0       0x62 ./commandline.o
                0x000057a0                or_stack
 .text.xor_stack
                0x00005802       0x62 ./commandline.o
                0x00005802                xor_stack
 .text.set_base
                0x00005864       0x1e ./commandline.o
                0x00005864                set_base
 .text.show_stack
                0x00005882       0xb4 ./commandline.o
                0x00005882                show_stack
 .text.print_space
                0x00005936       0x1c ./commandline.o
                0x00005936                print_space
 *fill*         0x00005952        0x2 
 .text.print_newline
                0x00005954       0x20 ./commandline.o
                0x00005954                print_newline
 .text.print_digit
                0x00005974       0x6a ./commandline.o
                0x00005974                print_digit
 .text.OutNum   0x000059de       0x48 ./commandline.o
                0x000059de                OutNum
 *fill*         0x00005a26        0x2 
 .text.print_row
                0x00005a28      0x120 ./commandline.o
                0x00005a28                print_row
 .text.dump_mem
                0x00005b48       0xe4 ./commandline.o
                0x00005b48                dump_mem
 .text.dump_eeprom
                0x00005c2c       0xf4 ./commandline.o
                0x00005c2c                dump_eeprom
 .text.crc_calculate
                0x00005d20       0x6e ./commandline.o
                0x00005d20                crc_calculate
 .text.enable_motor
                0x00005d8e       0x50 ./commandline.o
                0x00005d8e                enable_motor
 .text.speed_motor
                0x00005dde       0x70 ./commandline.o
                0x00005dde                speed_motor
 .text.Battery  0x00005e4e       0x3e ./commandline.o
                0x00005e4e                Battery
 .text.dump_map
                0x00005e8c      0x160 ./commandline.o
                0x00005e8c                dump_map
 .text.list_cmd
                0x00005fec       0xc4 ./commandline.o
                0x00005fec                list_cmd
 .text.list_values
                0x000060b0      0x114 ./commandline.o
                0x000060b0                list_values
 .text.parse_string
                0x000061c4      0x200 ./commandline.o
                0x000061c4                parse_string
 .text.BlueTooth_parse
                0x000063c4       0x44 ./commandline.o
                0x000063c4                BlueTooth_parse
 .text.do_menu  0x00006408      0xa20 ./configure.o
                0x00006408                do_menu
 .text.edit_path
                0x00006e28      0x224 ./configure.o
                0x00006e28                edit_path
 .text.Configure
                0x0000704c       0xd0 ./configure.o
                0x0000704c                Configure
 .text.config_validate
                0x0000711c       0x58 ./configure.o
                0x0000711c                config_validate
 .text.crc32_init
                0x00007174       0x20 ./crc.o
                0x00007174                crc32_init
 .text.calc_crc32
                0x00007194       0x44 ./crc.o
                0x00007194                calc_crc32
 .text.show_hystogram
                0x000071d8      0x224 ./display.o
                0x000071d8                show_hystogram
 .text.update_display
                0x000073fc       0x70 ./display.o
                0x000073fc                update_display
 .text.display_init
                0x0000746c       0x1c ./display.o
                0x0000746c                display_init
 .text.show_number
                0x00007488      0x278 ./display.o
                0x00007488                show_number
 .text.putstr   0x00007700      0x154 ./display.o
                0x00007700                putstr
 .text.show_arrow
                0x00007854       0x8c ./display.o
                0x00007854                show_arrow
 .text.squareXY
                0x000078e0      0x17c ./display.o
                0x000078e0                squareXY
 .text.lineXY   0x00007a5c      0x24c ./display.o
                0x00007a5c                lineXY
 .text.bin2hex  0x00007ca8       0x22 ./display.o
                0x00007ca8                bin2hex
 *fill*         0x00007cca        0x2 
 .text.num2str  0x00007ccc       0xb4 ./display.o
                0x00007ccc                num2str
 .text.Draw_Map
                0x00007d80      0x7b0 ./display.o
                0x00007d80                Draw_Map
 .text.ColorSensorTestHSI
                0x00008530      0x318 ./display.o
                0x00008530                ColorSensorTestHSI
 .text.__NVIC_EnableIRQ
                0x00008848       0x34 ./i2c_drv.o
 .text.__NVIC_SetPriority
                0x0000887c       0x50 ./i2c_drv.o
 .text.BUS_RegMaskedSet
                0x000088cc       0x1a ./i2c_drv.o
 .text.BUS_RegMaskedClear
                0x000088e6       0x1a ./i2c_drv.o
 .text.i2c_master_init
                0x00008900       0x78 ./i2c_drv.o
                0x00008900                i2c_master_init
 .text.I2C1_IRQHandler
                0x00008978      0x264 ./i2c_drv.o
                0x00008978                I2C1_IRQHandler
 .text.i2c_rd   0x00008bdc       0x80 ./i2c_drv.o
                0x00008bdc                i2c_rd
 .text.i2c_wr_reg
                0x00008c5c       0x88 ./i2c_drv.o
                0x00008c5c                i2c_wr_reg
 .text.i2c_rd_reg
                0x00008ce4       0x88 ./i2c_drv.o
                0x00008ce4                i2c_rd_reg
 .text.kbd_init
                0x00008d6c       0x36 ./keyboard.o
                0x00008d6c                kbd_init
 *fill*         0x00008da2        0x2 
 .text.kbdread  0x00008da4       0xd8 ./keyboard.o
                0x00008da4                kbdread
 .text.main     0x00008e7c       0x14 ./main.o
                0x00008e7c                main
 .text.Solve_Maze
                0x00008e90        0x4 ./placeholder.o
                0x00008e90                Solve_Maze
 .text.SearchShortWay
                0x00008e94        0x4 ./placeholder.o
                0x00008e94                SearchShortWay
 .text.TestBump
                0x00008e98        0x4 ./placeholder.o
                0x00008e98                TestBump
 .text.FreeRun  0x00008e9c        0x4 ./placeholder.o
                0x00008e9c                FreeRun
 .text.__NVIC_SetPriority
                0x00008ea0       0x50 ./profiler.o
 .text.block_profiler
                0x00008ef0       0x14 ./profiler.o
                0x00008ef0                block_profiler
 .text.get_command
                0x00008f04       0x48 ./profiler.o
                0x00008f04                get_command
 .text.read_command
                0x00008f4c       0x58 ./profiler.o
                0x00008f4c                read_command
 .text.put_command
                0x00008fa4       0x4c ./profiler.o
                0x00008fa4                put_command
 .text.drop_command_queue
                0x00008ff0       0x4c ./profiler.o
                0x00008ff0                drop_command_queue
 .text.run_segment
                0x0000903c      0x3cc ./profiler.o
                0x0000903c                run_segment
 .text.check_node
                0x00009408      0x178 ./profiler.o
                0x00009408                check_node
 .text.slowdown
                0x00009580       0xcc ./profiler.o
                0x00009580                slowdown
 .text.back_run
                0x0000964c      0x130 ./profiler.o
                0x0000964c                back_run
 .text.blind_entrance
                0x0000977c      0x1b4 ./profiler.o
                0x0000977c                blind_entrance
 .text.wait     0x00009930       0x4c ./profiler.o
                0x00009930                wait
 .text.make_turn_left
                0x0000997c      0x178 ./profiler.o
                0x0000997c                make_turn_left
 .text.make_turn_right
                0x00009af4      0x178 ./profiler.o
                0x00009af4                make_turn_right
 .text.profiler
                0x00009c6c      0x7dc ./profiler.o
                0x00009c6c                profiler
 .text.test_profile
                0x0000a448       0x9c ./profiler.o
                0x0000a448                test_profile
 .text.PendSVInit
                0x0000a4e4       0x10 ./profiler.o
                0x0000a4e4                PendSVInit
 .text.PendSV_Handler
                0x0000a4f4        0xa ./profiler.o
                0x0000a4f4                PendSV_Handler
 *fill*         0x0000a4fe        0x2 
 .text.Seed     0x0000a500       0x14 ./rand.o
                0x0000a500                Seed
 .text.Rand     0x0000a514       0x2c ./rand.o
                0x0000a514                Rand
 .text.__NVIC_EnableIRQ
                0x0000a540       0x34 ./spi_drv.o
 .text.__NVIC_DisableIRQ
                0x0000a574       0x40 ./spi_drv.o
 .text.__NVIC_ClearPendingIRQ
                0x0000a5b4       0x38 ./spi_drv.o
 .text.__NVIC_SetPriority
                0x0000a5ec       0x50 ./spi_drv.o
 .text.BUS_RegBitWrite
                0x0000a63c       0x3c ./spi_drv.o
 .text.BUS_RegBitRead
                0x0000a678       0x20 ./spi_drv.o
 .text.BUS_RegMaskedSet
                0x0000a698       0x1a ./spi_drv.o
 *fill*         0x0000a6b2        0x2 
 .text.LDMA_IntGetEnabled
                0x0000a6b4       0x1c ./spi_drv.o
 .text.lcdwrite
                0x0000a6d0       0x9c ./spi_drv.o
                0x0000a6d0                lcdwrite
 .text.spi_oled_init
                0x0000a76c      0x118 ./spi_drv.o
                0x0000a76c                spi_oled_init
 .text.USART3_TX_IRQHandler
                0x0000a884       0x28 ./spi_drv.o
                0x0000a884                USART3_TX_IRQHandler
 .text.spi_exchange
                0x0000a8ac       0xc0 ./spi_drv.o
                0x0000a8ac                spi_exchange
 .text.spi_eeprom_exchange
                0x0000a96c      0x388 ./spi_drv.o
                0x0000a96c                spi_eeprom_exchange
 .text.spi_eeprom_init
                0x0000acf4       0xd8 ./spi_drv.o
                0x0000acf4                spi_eeprom_init
 .text.LDMA_IRQHandler
                0x0000adcc       0x74 ./spi_drv.o
                0x0000adcc                LDMA_IRQHandler
 .text.spi_read_eeprom
                0x0000ae40       0x98 ./spi_drv.o
                0x0000ae40                spi_read_eeprom
 .text.spi_write_eeprom
                0x0000aed8      0x190 ./spi_drv.o
                0x0000aed8                spi_write_eeprom
 .text.copy_data_dma
                0x0000b068       0xa4 ./spi_drv.o
                0x0000b068                copy_data_dma
 .text.copy_data32_dma
                0x0000b10c       0xb0 ./spi_drv.o
                0x0000b10c                copy_data32_dma
 .text.fill_data32_dma
                0x0000b1bc       0xc8 ./spi_drv.o
                0x0000b1bc                fill_data32_dma
 .text.sl_board_default_init
                0x0000b284        0x4 ./autogen/sl_board_default_init.o
                0x0000b284                sl_board_default_init
 .text.sl_device_init_clocks
                0x0000b288       0x4c ./autogen/sl_device_init_clocks.o
                0x0000b288                sl_device_init_clocks
 .text.CHIP_Init
                0x0000b2d4       0x70 ./autogen/sl_event_handler.o
 .text.sl_platform_init
                0x0000b344       0x2a ./autogen/sl_event_handler.o
                0x0000b344                sl_platform_init
 .text.sl_driver_init
                0x0000b36e        0x4 ./autogen/sl_event_handler.o
                0x0000b36e                sl_driver_init
 .text.sl_service_init
                0x0000b372        0xa ./autogen/sl_event_handler.o
                0x0000b372                sl_service_init
 .text.sl_stack_init
                0x0000b37c        0x4 ./autogen/sl_event_handler.o
                0x0000b37c                sl_stack_init
 .text.sl_internal_app_init
                0x0000b380        0x4 ./autogen/sl_event_handler.o
                0x0000b380                sl_internal_app_init
 .text.sl_platform_process_action
                0x0000b384        0x4 ./autogen/sl_event_handler.o
                0x0000b384                sl_platform_process_action
 .text.sl_service_process_action
                0x0000b388        0x4 ./autogen/sl_event_handler.o
                0x0000b388                sl_service_process_action
 .text.sl_stack_process_action
                0x0000b38c        0x4 ./autogen/sl_event_handler.o
                0x0000b38c                sl_stack_process_action
 .text.sl_internal_app_process_action
                0x0000b390        0x4 ./autogen/sl_event_handler.o
                0x0000b390                sl_internal_app_process_action
 .text.sl_board_configure_vcom
                0x0000b394        0x6 ./gecko_sdk_4.0.2/hardware/board/src/sl_board_control_gpio.o
                0x0000b394                sl_board_configure_vcom
 *fill*         0x0000b39a        0x2 
 .text.sl_board_init
                0x0000b39c       0x18 ./gecko_sdk_4.0.2/hardware/board/src/sl_board_init.o
                0x0000b39c                sl_board_init
 .text.sl_board_preinit
                0x0000b3b4       0x14 ./gecko_sdk_4.0.2/hardware/board/src/sl_board_init.o
                0x0000b3b4                sl_board_preinit
 .text.Reset_Handler
                0x0000b3c8       0x48 ./gecko_sdk_4.0.2/platform/Device/SiliconLabs/EFM32GG12B/Source/GCC/startup_efm32gg12b.o
                0x0000b3c8                Reset_Handler
 .text.Default_Handler
                0x0000b410        0x2 ./gecko_sdk_4.0.2/platform/Device/SiliconLabs/EFM32GG12B/Source/GCC/startup_efm32gg12b.o
                0x0000b410                TIMER2_IRQHandler
                0x0000b410                DebugMon_Handler
                0x0000b410                I2C0_IRQHandler
                0x0000b410                LEUART1_IRQHandler
                0x0000b410                SDIO_IRQHandler
                0x0000b410                USART1_RX_IRQHandler
                0x0000b410                NMI_Handler
                0x0000b410                CAN1_IRQHandler
                0x0000b410                PDM_IRQHandler
                0x0000b410                CRYPTO0_IRQHandler
                0x0000b410                WDOG0_IRQHandler
                0x0000b410                TIMER3_IRQHandler
                0x0000b410                USART1_TX_IRQHandler
                0x0000b410                USART4_RX_IRQHandler
                0x0000b410                SMU_IRQHandler
                0x0000b410                MSC_IRQHandler
                0x0000b410                UsageFault_Handler
                0x0000b410                WDOG1_IRQHandler
                0x0000b410                LEUART0_IRQHandler
                0x0000b410                FPUEH_IRQHandler
                0x0000b410                WTIMER1_IRQHandler
                0x0000b410                GPIO_EVEN_IRQHandler
                0x0000b410                UART0_TX_IRQHandler
                0x0000b410                UART1_TX_IRQHandler
                0x0000b410                VDAC0_IRQHandler
                0x0000b410                QSPI0_IRQHandler
                0x0000b410                CSEN_IRQHandler
                0x0000b410                ADC1_IRQHandler
                0x0000b410                RTC_IRQHandler
                0x0000b410                LCD_IRQHandler
                0x0000b410                PCNT2_IRQHandler
                0x0000b410                UART0_RX_IRQHandler
                0x0000b410                TRNG0_IRQHandler
                0x0000b410                USART2_RX_IRQHandler
                0x0000b410                Default_Handler
                0x0000b410                EMU_IRQHandler
                0x0000b410                CRYOTIMER_IRQHandler
                0x0000b410                PCNT0_IRQHandler
                0x0000b410                sl_app_properties
                0x0000b410                USB_IRQHandler
                0x0000b410                USART4_TX_IRQHandler
                0x0000b410                PCNT1_IRQHandler
                0x0000b410                ACMP0_IRQHandler
                0x0000b410                MemManage_Handler
                0x0000b410                SVC_Handler
                0x0000b410                USART3_RX_IRQHandler
                0x0000b410                RTCC_IRQHandler
                0x0000b410                UART1_RX_IRQHandler
                0x0000b410                CMU_IRQHandler
                0x0000b410                EBI_IRQHandler
                0x0000b410                CAN0_IRQHandler
                0x0000b410                LESENSE_IRQHandler
                0x0000b410                GPIO_ODD_IRQHandler
                0x0000b410                LETIMER1_IRQHandler
                0x0000b410                ACMP2_IRQHandler
                0x0000b410                BusFault_Handler
                0x0000b410                USART2_TX_IRQHandler
                0x0000b410                IDAC0_IRQHandler
 *fill*         0x0000b412        0x2 
 .text.SystemCoreClockGet
                0x0000b414       0x3c ./gecko_sdk_4.0.2/platform/Device/SiliconLabs/EFM32GG12B/Source/system_efm32gg12b.o
                0x0000b414                SystemCoreClockGet
 .text.SystemMaxCoreClockGet
                0x0000b450        0xc ./gecko_sdk_4.0.2/platform/Device/SiliconLabs/EFM32GG12B/Source/system_efm32gg12b.o
                0x0000b450                SystemMaxCoreClockGet
 .text.SystemHFClockGet
                0x0000b45c       0xe8 ./gecko_sdk_4.0.2/platform/Device/SiliconLabs/EFM32GG12B/Source/system_efm32gg12b.o
                0x0000b45c                SystemHFClockGet
 .text.SystemHFXOClockGet
                0x0000b544        0xc ./gecko_sdk_4.0.2/platform/Device/SiliconLabs/EFM32GG12B/Source/system_efm32gg12b.o
                0x0000b544                SystemHFXOClockGet
 .text.SystemHFXOClockSet
                0x0000b550       0x30 ./gecko_sdk_4.0.2/platform/Device/SiliconLabs/EFM32GG12B/Source/system_efm32gg12b.o
                0x0000b550                SystemHFXOClockSet
 .text.SystemInit
                0x0000b580       0x24 ./gecko_sdk_4.0.2/platform/Device/SiliconLabs/EFM32GG12B/Source/system_efm32gg12b.o
                0x0000b580                SystemInit
 .text.SystemLFRCOClockGet
                0x0000b5a4        0x8 ./gecko_sdk_4.0.2/platform/Device/SiliconLabs/EFM32GG12B/Source/system_efm32gg12b.o
                0x0000b5a4                SystemLFRCOClockGet
 .text.SystemULFRCOClockGet
                0x0000b5ac        0x8 ./gecko_sdk_4.0.2/platform/Device/SiliconLabs/EFM32GG12B/Source/system_efm32gg12b.o
                0x0000b5ac                SystemULFRCOClockGet
 .text.SystemLFXOClockGet
                0x0000b5b4        0xc ./gecko_sdk_4.0.2/platform/Device/SiliconLabs/EFM32GG12B/Source/system_efm32gg12b.o
                0x0000b5b4                SystemLFXOClockGet
 .text.assertEFM
                0x0000b5c0        0x8 ./gecko_sdk_4.0.2/platform/emlib/src/em_assert.o
                0x0000b5c0                assertEFM
 .text.SL_Log2ToDiv
                0x0000b5c8       0x2c ./gecko_sdk_4.0.2/platform/emlib/src/em_cmu.o
 .text.BUS_RegBitWrite
                0x0000b5f4       0x3c ./gecko_sdk_4.0.2/platform/emlib/src/em_cmu.o
 .text.BUS_RegBitRead
                0x0000b630       0x20 ./gecko_sdk_4.0.2/platform/emlib/src/em_cmu.o
 .text.BUS_RegMaskedSet
                0x0000b650       0x1a ./gecko_sdk_4.0.2/platform/emlib/src/em_cmu.o
 .text.BUS_RegMaskedClear
                0x0000b66a       0x1a ./gecko_sdk_4.0.2/platform/emlib/src/em_cmu.o
 .text.CMU_DivToLog2
                0x0000b684       0x3c ./gecko_sdk_4.0.2/platform/emlib/src/em_cmu.o
 .text.CMU_PrescToLog2
                0x0000b6c0       0x50 ./gecko_sdk_4.0.2/platform/emlib/src/em_cmu.o
 .text.EMU_LDOStatusGet
                0x0000b710       0x1c ./gecko_sdk_4.0.2/platform/emlib/src/em_cmu.o
 .text.EMU_VScaleWait
                0x0000b72c       0x2c ./gecko_sdk_4.0.2/platform/emlib/src/em_cmu.o
 .text.EMU_VScaleGet
                0x0000b758       0x1c ./gecko_sdk_4.0.2/platform/emlib/src/em_cmu.o
 .text.setHfLeConfig
                0x0000b774       0x64 ./gecko_sdk_4.0.2/platform/emlib/src/em_cmu.o
 .text.auxClkGet
                0x0000b7d8       0x14 ./gecko_sdk_4.0.2/platform/emlib/src/em_cmu.o
 .text.hfSrcClkGet
                0x0000b7ec       0x2c ./gecko_sdk_4.0.2/platform/emlib/src/em_cmu.o
 .text.dbgClkGet
                0x0000b818       0x50 ./gecko_sdk_4.0.2/platform/emlib/src/em_cmu.o
 .text.adcAsyncClkGet
                0x0000b868       0xb0 ./gecko_sdk_4.0.2/platform/emlib/src/em_cmu.o
 .text.sdioRefClkGet
                0x0000b918       0x88 ./gecko_sdk_4.0.2/platform/emlib/src/em_cmu.o
 .text.qspiRefClkGet
                0x0000b9a0       0xa0 ./gecko_sdk_4.0.2/platform/emlib/src/em_cmu.o
 .text.pdmRefClkGet
                0x0000ba40       0x64 ./gecko_sdk_4.0.2/platform/emlib/src/em_cmu.o
 .text.usbRateClkGet
                0x0000baa4       0xa8 ./gecko_sdk_4.0.2/platform/emlib/src/em_cmu.o
 .text.flashWaitStateControl
                0x0000bb4c       0x98 ./gecko_sdk_4.0.2/platform/emlib/src/em_cmu.o
 .text.flashWaitStateMax
                0x0000bbe4       0x46 ./gecko_sdk_4.0.2/platform/emlib/src/em_cmu.o
 *fill*         0x0000bc2a        0x2 
 .text.setRamWaitState
                0x0000bc2c       0x48 ./gecko_sdk_4.0.2/platform/emlib/src/em_cmu.o
 .text.setBusWaitState
                0x0000bc74       0x3c ./gecko_sdk_4.0.2/platform/emlib/src/em_cmu.o
 .text.CMU_UpdateWaitStates
                0x0000bcb0       0x54 ./gecko_sdk_4.0.2/platform/emlib/src/em_cmu.o
                0x0000bcb0                CMU_UpdateWaitStates
 .text.getHfxoTuningMode
                0x0000bd04       0x14 ./gecko_sdk_4.0.2/platform/emlib/src/em_cmu.o
 .text.setHfxoTuningMode
                0x0000bd18       0x20 ./gecko_sdk_4.0.2/platform/emlib/src/em_cmu.o
 .text.lfClkGet
                0x0000bd38      0x140 ./gecko_sdk_4.0.2/platform/emlib/src/em_cmu.o
 .text.syncReg  0x0000be78       0x30 ./gecko_sdk_4.0.2/platform/emlib/src/em_cmu.o
 .text.hfperClkSafePrescaler
                0x0000bea8       0x2c ./gecko_sdk_4.0.2/platform/emlib/src/em_cmu.o
 .text.hfperClkOptimizedPrescaler
                0x0000bed4       0xc8 ./gecko_sdk_4.0.2/platform/emlib/src/em_cmu.o
 .text.CMU_ClockDivGet
                0x0000bf9c       0x18 ./gecko_sdk_4.0.2/platform/emlib/src/em_cmu.o
                0x0000bf9c                CMU_ClockDivGet
 .text.CMU_ClockEnable
                0x0000bfb4      0x178 ./gecko_sdk_4.0.2/platform/emlib/src/em_cmu.o
                0x0000bfb4                CMU_ClockEnable
 .text.CMU_ClockFreqGet
                0x0000c12c      0x3fc ./gecko_sdk_4.0.2/platform/emlib/src/em_cmu.o
                0x0000c12c                CMU_ClockFreqGet
 .text.CMU_ClockPrescGet
                0x0000c528      0x2e4 ./gecko_sdk_4.0.2/platform/emlib/src/em_cmu.o
                0x0000c528                CMU_ClockPrescGet
 .text.CMU_ClockPrescSet
                0x0000c80c      0x558 ./gecko_sdk_4.0.2/platform/emlib/src/em_cmu.o
                0x0000c80c                CMU_ClockPrescSet
 .text.CMU_ClockSelectGet
                0x0000cd64      0x3d8 ./gecko_sdk_4.0.2/platform/emlib/src/em_cmu.o
                0x0000cd64                CMU_ClockSelectGet
 .text.CMU_ClockSelectSet
                0x0000d13c      0x698 ./gecko_sdk_4.0.2/platform/emlib/src/em_cmu.o
                0x0000d13c                CMU_ClockSelectSet
 .text.CMU_HFRCOBandGet
                0x0000d7d4        0xc ./gecko_sdk_4.0.2/platform/emlib/src/em_cmu.o
                0x0000d7d4                CMU_HFRCOBandGet
 .text.CMU_HFXOInit
                0x0000d7e0       0xe8 ./gecko_sdk_4.0.2/platform/emlib/src/em_cmu.o
                0x0000d7e0                CMU_HFXOInit
 .text.CMU_LFXOInit
                0x0000d8c8       0x74 ./gecko_sdk_4.0.2/platform/emlib/src/em_cmu.o
                0x0000d8c8                CMU_LFXOInit
 .text.CMU_LFXOPrecisionSet
                0x0000d93c       0x1c ./gecko_sdk_4.0.2/platform/emlib/src/em_cmu.o
                0x0000d93c                CMU_LFXOPrecisionSet
 .text.CMU_OscillatorEnable
                0x0000d958      0x1e0 ./gecko_sdk_4.0.2/platform/emlib/src/em_cmu.o
                0x0000d958                CMU_OscillatorEnable
 .text.CMU_OscillatorTuningGet
                0x0000db38       0x84 ./gecko_sdk_4.0.2/platform/emlib/src/em_cmu.o
                0x0000db38                CMU_OscillatorTuningGet
 .text.CMU_OscillatorTuningSet
                0x0000dbbc      0x144 ./gecko_sdk_4.0.2/platform/emlib/src/em_cmu.o
                0x0000dbbc                CMU_OscillatorTuningSet
 .text.CMU_OscillatorTuningWait
                0x0000dd00       0x80 ./gecko_sdk_4.0.2/platform/emlib/src/em_cmu.o
                0x0000dd00                CMU_OscillatorTuningWait
 .text.CORE_EnterCritical
                0x0000dd80       0x16 ./gecko_sdk_4.0.2/platform/emlib/src/em_core.o
                0x0000dd80                CORE_EnterCritical
 .text.CORE_ExitCritical
                0x0000dd96       0x12 ./gecko_sdk_4.0.2/platform/emlib/src/em_core.o
                0x0000dd96                CORE_ExitCritical
 .text.CORE_EnterAtomic
                0x0000dda8       0x1e ./gecko_sdk_4.0.2/platform/emlib/src/em_core.o
                0x0000dda8                CORE_EnterAtomic
 .text.CORE_ExitAtomic
                0x0000ddc6       0x14 ./gecko_sdk_4.0.2/platform/emlib/src/em_core.o
                0x0000ddc6                CORE_ExitAtomic
 *fill*         0x0000ddda        0x2 
 .text.BUS_RegBitWrite
                0x0000dddc       0x3c ./gecko_sdk_4.0.2/platform/emlib/src/em_emu.o
 .text.BUS_RegBitRead
                0x0000de18       0x20 ./gecko_sdk_4.0.2/platform/emlib/src/em_emu.o
 .text.EMU_LDOStatusGet
                0x0000de38       0x1c ./gecko_sdk_4.0.2/platform/emlib/src/em_emu.o
 .text.EMU_VScaleWait
                0x0000de54       0x2c ./gecko_sdk_4.0.2/platform/emlib/src/em_emu.o
 .text.EMU_VScaleGet
                0x0000de80       0x1c ./gecko_sdk_4.0.2/platform/emlib/src/em_emu.o
 .text.EMU_PowerLock
                0x0000de9c       0x10 ./gecko_sdk_4.0.2/platform/emlib/src/em_emu.o
 .text.EMU_PowerUnlock
                0x0000deac       0x10 ./gecko_sdk_4.0.2/platform/emlib/src/em_emu.o
 .text.vScaleEM01Cmd
                0x0000debc       0x1c ./gecko_sdk_4.0.2/platform/emlib/src/em_emu.o
 .text.EMU_EM4Init
                0x0000ded8       0x80 ./gecko_sdk_4.0.2/platform/emlib/src/em_emu.o
                0x0000ded8                EMU_EM4Init
 .text.EMU_VScaleEM01ByClock
                0x0000df58       0x88 ./gecko_sdk_4.0.2/platform/emlib/src/em_emu.o
                0x0000df58                EMU_VScaleEM01ByClock
 .text.EMU_VScaleEM01
                0x0000dfe0       0xbc ./gecko_sdk_4.0.2/platform/emlib/src/em_emu.o
                0x0000dfe0                EMU_VScaleEM01
 .text.dcdcConstCalibrationLoad
                0x0000e09c        0x6 ./gecko_sdk_4.0.2/platform/emlib/src/em_emu.o
 *fill*         0x0000e0a2        0x2 
 .text.dcdcValidatedConfigSet
                0x0000e0a4       0x40 ./gecko_sdk_4.0.2/platform/emlib/src/em_emu.o
 .text.currentLimitersUpdate
                0x0000e0e4      0x128 ./gecko_sdk_4.0.2/platform/emlib/src/em_emu.o
 .text.userCurrentLimitsSet
                0x0000e20c       0x28 ./gecko_sdk_4.0.2/platform/emlib/src/em_emu.o
 .text.compCtrlSet
                0x0000e234       0x4c ./gecko_sdk_4.0.2/platform/emlib/src/em_emu.o
 .text.lpCmpHystCalibrationLoad
                0x0000e280       0xf4 ./gecko_sdk_4.0.2/platform/emlib/src/em_emu.o
 .text.lpGetDevinfoVrefLowHigh
                0x0000e374      0x168 ./gecko_sdk_4.0.2/platform/emlib/src/em_emu.o
 .text.EMU_DCDCInit
                0x0000e4dc      0x1a8 ./gecko_sdk_4.0.2/platform/emlib/src/em_emu.o
                0x0000e4dc                EMU_DCDCInit
 .text.EMU_DCDCModeSet
                0x0000e684       0xcc ./gecko_sdk_4.0.2/platform/emlib/src/em_emu.o
                0x0000e684                EMU_DCDCModeSet
 .text.EMU_DCDCOutputVoltageSet
                0x0000e750      0x2d8 ./gecko_sdk_4.0.2/platform/emlib/src/em_emu.o
                0x0000e750                EMU_DCDCOutputVoltageSet
 .text.EMU_DCDCOptimizeSlice
                0x0000ea28       0xe4 ./gecko_sdk_4.0.2/platform/emlib/src/em_emu.o
                0x0000ea28                EMU_DCDCOptimizeSlice
 .text.EMU_DCDCLnRcoBandSet
                0x0000eb0c       0x68 ./gecko_sdk_4.0.2/platform/emlib/src/em_emu.o
                0x0000eb0c                EMU_DCDCLnRcoBandSet
 .text.BUS_RegMaskedSet
                0x0000eb74       0x1a ./gecko_sdk_4.0.2/platform/emlib/src/em_gpio.o
 .text.BUS_RegMaskedClear
                0x0000eb8e       0x1a ./gecko_sdk_4.0.2/platform/emlib/src/em_gpio.o
 .text.BUS_RegMaskedWrite
                0x0000eba8       0x34 ./gecko_sdk_4.0.2/platform/emlib/src/em_gpio.o
 .text.GPIO_PinOutClear
                0x0000ebdc       0xac ./gecko_sdk_4.0.2/platform/emlib/src/em_gpio.o
 .text.GPIO_PinOutSet
                0x0000ec88       0xac ./gecko_sdk_4.0.2/platform/emlib/src/em_gpio.o
 .text.GPIO_DriveStrengthSet
                0x0000ed34       0x7c ./gecko_sdk_4.0.2/platform/emlib/src/em_gpio.o
                0x0000ed34                GPIO_DriveStrengthSet
 .text.GPIO_PinModeSet
                0x0000edb0      0x158 ./gecko_sdk_4.0.2/platform/emlib/src/em_gpio.o
                0x0000edb0                GPIO_PinModeSet
 .text.__NVIC_EnableIRQ
                0x0000ef08       0x34 ./gecko_sdk_4.0.2/platform/emlib/src/em_ldma.o
 .text.__NVIC_ClearPendingIRQ
                0x0000ef3c       0x38 ./gecko_sdk_4.0.2/platform/emlib/src/em_ldma.o
 .text.__NVIC_SetPriority
                0x0000ef74       0x50 ./gecko_sdk_4.0.2/platform/emlib/src/em_ldma.o
 .text.BUS_RegMaskedClear
                0x0000efc4       0x1a ./gecko_sdk_4.0.2/platform/emlib/src/em_ldma.o
 *fill*         0x0000efde        0x2 
 .text.LDMA_Init
                0x0000efe0       0xdc ./gecko_sdk_4.0.2/platform/emlib/src/em_ldma.o
                0x0000efe0                LDMA_Init
 .text.LDMA_StartTransfer
                0x0000f0bc      0x244 ./gecko_sdk_4.0.2/platform/emlib/src/em_ldma.o
                0x0000f0bc                LDMA_StartTransfer
 .text.sl_device_init_dcdc
                0x0000f300       0x24 ./gecko_sdk_4.0.2/platform/service/device_init/src/sl_device_init_dcdc_s1.o
                0x0000f300                sl_device_init_dcdc
 .text.sl_device_init_emu
                0x0000f324       0x42 ./gecko_sdk_4.0.2/platform/service/device_init/src/sl_device_init_emu_s1.o
                0x0000f324                sl_device_init_emu
 *fill*         0x0000f366        0x2 
 .text.sl_device_init_hfxo
                0x0000f368       0x90 ./gecko_sdk_4.0.2/platform/service/device_init/src/sl_device_init_hfxo_s1.o
                0x0000f368                sl_device_init_hfxo
 .text.sl_device_init_lfxo
                0x0000f3f8       0x38 ./gecko_sdk_4.0.2/platform/service/device_init/src/sl_device_init_lfxo_s1.o
                0x0000f3f8                sl_device_init_lfxo
 .text.__NVIC_SetPriority
                0x0000f430       0x50 ./gecko_sdk_4.0.2/platform/service/device_init/src/sl_device_init_nvic.o
 .text.sl_device_init_nvic
                0x0000f480       0x38 ./gecko_sdk_4.0.2/platform/service/device_init/src/sl_device_init_nvic.o
                0x0000f480                sl_device_init_nvic
 .text.sl_system_init
                0x0000f4b8       0x1a ./gecko_sdk_4.0.2/platform/service/system/src/sl_system_init.o
                0x0000f4b8                sl_system_init
 .text.sl_system_process_action
                0x0000f4d2       0x16 ./gecko_sdk_4.0.2/platform/service/system/src/sl_system_process_action.o
                0x0000f4d2                sl_system_process_action
 .text          0x0000f4e8      0x378 c:/siliconlabs/simplicitystudio/v5/developer/toolchains/gnu_arm/7.2_2017q4/bin/../lib/gcc/arm-none-eabi/7.2.1/thumb/v7e-m/fpv4-sp/softfp\libgcc.a(_arm_addsubdf3.o)
                0x0000f4e8                __aeabi_drsub
                0x0000f4f0                __aeabi_dsub
                0x0000f4f0                __subdf3
                0x0000f4f4                __aeabi_dadd
                0x0000f4f4                __adddf3
                0x0000f76c                __floatunsidf
                0x0000f76c                __aeabi_ui2d
                0x0000f78c                __floatsidf
                0x0000f78c                __aeabi_i2d
                0x0000f7b0                __aeabi_f2d
                0x0000f7b0                __extendsfdf2
                0x0000f7f4                __floatundidf
                0x0000f7f4                __aeabi_ul2d
                0x0000f804                __floatdidf
                0x0000f804                __aeabi_l2d
 .text          0x0000f860       0x50 c:/siliconlabs/simplicitystudio/v5/developer/toolchains/gnu_arm/7.2_2017q4/bin/../lib/gcc/arm-none-eabi/7.2.1/thumb/v7e-m/fpv4-sp/softfp\libgcc.a(_arm_fixdfsi.o)
                0x0000f860                __aeabi_d2iz
                0x0000f860                __fixdfsi
 .text.exit     0x0000f8b0       0x28 c:/siliconlabs/simplicitystudio/v5/developer/toolchains/gnu_arm/7.2_2017q4/bin/../lib/gcc/arm-none-eabi/7.2.1/../../../../arm-none-eabi/lib/thumb/v7e-m/fpv4-sp/softfp\libc_nano.a(lib_a-exit.o)
                0x0000f8b0                exit
 .text.__libc_init_array
                0x0000f8d8       0x48 c:/siliconlabs/simplicitystudio/v5/developer/toolchains/gnu_arm/7.2_2017q4/bin/../lib/gcc/arm-none-eabi/7.2.1/../../../../arm-none-eabi/lib/thumb/v7e-m/fpv4-sp/softfp\libc_nano.a(lib_a-init.o)
                0x0000f8d8                __libc_init_array
 .text.memcpy   0x0000f920       0x16 c:/siliconlabs/simplicitystudio/v5/developer/toolchains/gnu_arm/7.2_2017q4/bin/../lib/gcc/arm-none-eabi/7.2.1/../../../../arm-none-eabi/lib/thumb/v7e-m/fpv4-sp/softfp\libc_nano.a(lib_a-memcpy-stub.o)
                0x0000f920                memcpy
 .text.memset   0x0000f936       0x10 c:/siliconlabs/simplicitystudio/v5/developer/toolchains/gnu_arm/7.2_2017q4/bin/../lib/gcc/arm-none-eabi/7.2.1/../../../../arm-none-eabi/lib/thumb/v7e-m/fpv4-sp/softfp\libc_nano.a(lib_a-memset.o)
                0x0000f936                memset
 *fill*         0x0000f946        0x2 
 .text.sqrt     0x0000f948       0xbc c:/siliconlabs/simplicitystudio/v5/developer/toolchains/gnu_arm/7.2_2017q4/bin/../lib/gcc/arm-none-eabi/7.2.1/../../../../arm-none-eabi/lib/thumb/v7e-m/fpv4-sp/softfp\libm.a(lib_a-w_sqrt.o)
                0x0000f948                sqrt
 .text.__ieee754_sqrt
                0x0000fa04      0x180 c:/siliconlabs/simplicitystudio/v5/developer/toolchains/gnu_arm/7.2_2017q4/bin/../lib/gcc/arm-none-eabi/7.2.1/../../../../arm-none-eabi/lib/thumb/v7e-m/fpv4-sp/softfp\libm.a(lib_a-e_sqrt.o)
                0x0000fa04                __ieee754_sqrt
 .text.matherr  0x0000fb84        0x4 c:/siliconlabs/simplicitystudio/v5/developer/toolchains/gnu_arm/7.2_2017q4/bin/../lib/gcc/arm-none-eabi/7.2.1/../../../../arm-none-eabi/lib/thumb/v7e-m/fpv4-sp/softfp\libm.a(lib_a-s_matherr.o)
                0x0000fb84                matherr
 .text._exit    0x0000fb88        0x4 c:/siliconlabs/simplicitystudio/v5/developer/toolchains/gnu_arm/7.2_2017q4/bin/../lib/gcc/arm-none-eabi/7.2.1/../../../../arm-none-eabi/lib/thumb/v7e-m/fpv4-sp/softfp\libnosys.a(_exit.o)
                0x0000fb88                _exit
 .text          0x0000fb8c      0x424 c:/siliconlabs/simplicitystudio/v5/developer/toolchains/gnu_arm/7.2_2017q4/bin/../lib/gcc/arm-none-eabi/7.2.1/thumb/v7e-m/fpv4-sp/softfp\libgcc.a(_arm_muldivdf3.o)
                0x0000fb8c                __aeabi_dmul
                0x0000fb8c                __muldf3
                0x0000fde0                __divdf3
                0x0000fde0                __aeabi_ddiv
 .text          0x0000ffb0      0x110 c:/siliconlabs/simplicitystudio/v5/developer/toolchains/gnu_arm/7.2_2017q4/bin/../lib/gcc/arm-none-eabi/7.2.1/thumb/v7e-m/fpv4-sp/softfp\libgcc.a(_arm_cmpdf2.o)
                0x0000ffb0                __gtdf2
                0x0000ffb0                __gedf2
                0x0000ffb8                __ltdf2
                0x0000ffb8                __ledf2
                0x0000ffc0                __nedf2
                0x0000ffc0                __eqdf2
                0x0000ffc0                __cmpdf2
                0x0001003c                __aeabi_cdrcmple
                0x0001004c                __aeabi_cdcmpeq
                0x0001004c                __aeabi_cdcmple
                0x0001005c                __aeabi_dcmpeq
                0x00010070                __aeabi_dcmplt
                0x00010084                __aeabi_dcmple
                0x00010098                __aeabi_dcmpge
                0x000100ac                __aeabi_dcmpgt
 .text          0x000100c0       0x2c c:/siliconlabs/simplicitystudio/v5/developer/toolchains/gnu_arm/7.2_2017q4/bin/../lib/gcc/arm-none-eabi/7.2.1/thumb/v7e-m/fpv4-sp/softfp\libgcc.a(_arm_unorddf2.o)
                0x000100c0                __unorddf2
                0x000100c0                __aeabi_dcmpun
 .text.__errno  0x000100ec        0xc c:/siliconlabs/simplicitystudio/v5/developer/toolchains/gnu_arm/7.2_2017q4/bin/../lib/gcc/arm-none-eabi/7.2.1/../../../../arm-none-eabi/lib/thumb/v7e-m/fpv4-sp/softfp\libc_nano.a(lib_a-errno.o)
                0x000100ec                __errno
                0x000100f8                linker_code_end = .
 *(.init)
 .init          0x000100f8        0x4 c:/siliconlabs/simplicitystudio/v5/developer/toolchains/gnu_arm/7.2_2017q4/bin/../lib/gcc/arm-none-eabi/7.2.1/thumb/v7e-m/fpv4-sp/softfp/crti.o
                0x000100f8                _init
 .init          0x000100fc        0x8 c:/siliconlabs/simplicitystudio/v5/developer/toolchains/gnu_arm/7.2_2017q4/bin/../lib/gcc/arm-none-eabi/7.2.1/thumb/v7e-m/fpv4-sp/softfp/crtn.o
 *(.fini)
 .fini          0x00010104        0x4 c:/siliconlabs/simplicitystudio/v5/developer/toolchains/gnu_arm/7.2_2017q4/bin/../lib/gcc/arm-none-eabi/7.2.1/thumb/v7e-m/fpv4-sp/softfp/crti.o
                0x00010104                _fini
 .fini          0x00010108        0x8 c:/siliconlabs/simplicitystudio/v5/developer/toolchains/gnu_arm/7.2_2017q4/bin/../lib/gcc/arm-none-eabi/7.2.1/thumb/v7e-m/fpv4-sp/softfp/crtn.o
 *crtbegin.o(.ctors)
 *crtbegin?.o(.ctors)
 *(EXCLUDE_FILE(*crtend.o *crtend?.o) .ctors)
 *(SORT_BY_NAME(.ctors.*))
 *(.ctors)
 *crtbegin.o(.dtors)
 *crtbegin?.o(.dtors)
 *(EXCLUDE_FILE(*crtend.o *crtend?.o) .dtors)
 *(SORT_BY_NAME(.dtors.*))
 *(.dtors)
 *(.rodata*)
 .rodata        0x00010110       0x91 ./LaunchPad.o
 *fill*         0x000101a1        0x3 
 .rodata.turn_sequence
                0x000101a4       0x48 ./Maze.o
                0x000101a4                turn_sequence
 .rodata        0x000101ec       0x68 ./Maze.o
 .rodata        0x00010254       0x6f ./Motor_withPI.o
 *fill*         0x000102c3        0x1 
 .rodata        0x000102c4       0x25 ./Reflectance_ADC.o
 *fill*         0x000102e9        0x3 
 .rodata        0x000102ec       0x4e ./Tachometer.o
 *fill*         0x0001033a        0x2 
 .rodata        0x0001033c      0x194 ./app.o
 .rodata        0x000104d0        0xc ./battery.o
 .rodata        0x000104dc      0x158 ./commandline.o
 .rodata.Table  0x00010634      0x5dc ./commandline.o
                0x00010634                Table
 .rodata.backstr.5322
                0x00010c10        0x4 ./commandline.o
 .rodata.base   0x00010c14       0x18 ./configure.o
 .rodata        0x00010c2c      0x468 ./configure.o
 .rodata.start_col
                0x00011094        0x6 ./display.o
 *fill*         0x0001109a        0x2 
 .rodata        0x0001109c       0x1e ./display.o
 *fill*         0x000110ba        0x2 
 .rodata.init_sequence.8871
                0x000110bc       0x19 ./display.o
 *fill*         0x000110d5        0x3 
 .rodata.offset.8883
                0x000110d8       0x4c ./display.o
 .rodata.IMAGES
                0x00011124       0x98 ./fonts.o
                0x00011124                IMAGES
 .rodata.ASCIITAB
                0x000111bc      0x400 ./fonts.o
                0x000111bc                ASCIITAB
 .rodata.Verdana36x64
                0x000115bc      0xd80 ./fonts.o
                0x000115bc                Verdana36x64
 .rodata.arrow  0x0001233c       0x80 ./fonts.o
                0x0001233c                arrow
 .rodata.hextable
                0x000123bc       0x10 ./fonts.o
                0x000123bc                hextable
 .rodata        0x000123cc       0x4c ./spi_drv.o
 .rodata        0x00012418      0x124 ./gecko_sdk_4.0.2/platform/emlib/src/em_cmu.o
 .rodata.flashWsTable
                0x0001253c       0x38 ./gecko_sdk_4.0.2/platform/emlib/src/em_cmu.o
 .rodata        0x00012574       0x90 ./gecko_sdk_4.0.2/platform/emlib/src/em_emu.o
 .rodata        0x00012604       0xdd ./gecko_sdk_4.0.2/platform/emlib/src/em_gpio.o
 *fill*         0x000126e1        0x3 
 .rodata        0x000126e4       0x91 ./gecko_sdk_4.0.2/platform/emlib/src/em_ldma.o
 *fill*         0x00012775        0x3 
 .rodata        0x00012778       0x10 ./gecko_sdk_4.0.2/platform/service/device_init/src/sl_device_init_dcdc_s1.o
 .rodata        0x00012788        0xc ./gecko_sdk_4.0.2/platform/service/device_init/src/sl_device_init_hfxo_s1.o
 .rodata        0x00012794        0x4 ./gecko_sdk_4.0.2/platform/service/device_init/src/sl_device_init_lfxo_s1.o
 .rodata._global_impure_ptr
                0x00012798        0x4 c:/siliconlabs/simplicitystudio/v5/developer/toolchains/gnu_arm/7.2_2017q4/bin/../lib/gcc/arm-none-eabi/7.2.1/../../../../arm-none-eabi/lib/thumb/v7e-m/fpv4-sp/softfp\libc_nano.a(lib_a-impure.o)
                0x00012798                _global_impure_ptr
 .rodata.sqrt.str1.4
                0x0001279c        0x8 c:/siliconlabs/simplicitystudio/v5/developer/toolchains/gnu_arm/7.2_2017q4/bin/../lib/gcc/arm-none-eabi/7.2.1/../../../../arm-none-eabi/lib/thumb/v7e-m/fpv4-sp/softfp\libm.a(lib_a-w_sqrt.o)
                                  0x5 (size before relaxing)
 *(.eh_frame*)
 .eh_frame      0x000127a4        0x0 c:/siliconlabs/simplicitystudio/v5/developer/toolchains/gnu_arm/7.2_2017q4/bin/../lib/gcc/arm-none-eabi/7.2.1/thumb/v7e-m/fpv4-sp/softfp/crtbegin.o

.glue_7         0x000127a4        0x0
 .glue_7        0x000127a4        0x0 linker stubs

.glue_7t        0x000127a4        0x0
 .glue_7t       0x000127a4        0x0 linker stubs

.vfp11_veneer   0x000127a4        0x0
 .vfp11_veneer  0x000127a4        0x0 linker stubs

.v4_bx          0x000127a4        0x0
 .v4_bx         0x000127a4        0x0 linker stubs

.iplt           0x000127a4        0x0
 .iplt          0x000127a4        0x0 c:/siliconlabs/simplicitystudio/v5/developer/toolchains/gnu_arm/7.2_2017q4/bin/../lib/gcc/arm-none-eabi/7.2.1/thumb/v7e-m/fpv4-sp/softfp/crtbegin.o

.ARM.extab
 *(.ARM.extab* .gnu.linkonce.armextab.*)
                0x000127a4                __exidx_start = .

.ARM.exidx      0x000127a4        0x8
 *(.ARM.exidx* .gnu.linkonce.armexidx.*)
 .ARM.exidx     0x000127a4        0x8 c:/siliconlabs/simplicitystudio/v5/developer/toolchains/gnu_arm/7.2_2017q4/bin/../lib/gcc/arm-none-eabi/7.2.1/../../../../arm-none-eabi/lib/thumb/v7e-m/fpv4-sp/softfp/crt0.o
                0x000127ac                __exidx_end = .
                0x000127ac                __etext = .

.rel.dyn        0x000127ac        0x0
 .rel.iplt      0x000127ac        0x0 c:/siliconlabs/simplicitystudio/v5/developer/toolchains/gnu_arm/7.2_2017q4/bin/../lib/gcc/arm-none-eabi/7.2.1/thumb/v7e-m/fpv4-sp/softfp/crtbegin.o
                0x20000000                . = ORIGIN (RAM)

.stack          0x20000000     0x2000
                0x20000000                __StackLimit = .
 *(.stack*)
 .stack         0x20000000        0x0 ./gecko_sdk_4.0.2/platform/Device/SiliconLabs/EFM32GG12B/Source/GCC/startup_efm32gg12b.o
 .stack         0x20000000     0x2000 ./gecko_sdk_4.0.2/platform/common/toolchain/src/sl_memory.o
                0x20002000                . = ALIGN (0x4)
                0x20002000                __StackTop = .
                0x20002000                PROVIDE (__stack, __StackTop)

.noinit
 *(.noinit*)

.data           0x20002000      0x740 load address 0x000127ac
                0x20002000                . = ALIGN (0x4)
                0x20002000                __data_start__ = .
 *(vtable)
 *(.data*)
 .data.adcXferCfg
                0x20002000       0x10 ./Reflectance_ADC.o
                0x20002000                adcXferCfg
 .data.adc_descriptor
                0x20002010       0x10 ./Reflectance_ADC.o
                0x20002010                adc_descriptor
 .data.USBUART  0x20002020       0x9c ./commandline.o
                0x20002020                USBUART
 .data.buffer   0x200020bc      0x400 ./display.o
                0x200020bc                buffer
 .data.txferCfg
                0x200024bc       0x10 ./display.o
                0x200024bc                txferCfg
 .data.tx_descriptor
                0x200024cc       0xb0 ./display.o
                0x200024cc                tx_descriptor
 .data.memTransfer
                0x2000257c       0x10 ./display.o
                0x2000257c                memTransfer
 .data.start_col.8930
                0x2000258c        0x6 ./display.o
 .data.i2c_state
                0x20002592        0x1 ./i2c_drv.o
                0x20002592                i2c_state
 *fill*         0x20002593        0x1 
 .data.profiler_queue_empty
                0x20002594        0x4 ./profiler.o
                0x20002594                profiler_queue_empty
 .data.command_read_idx
                0x20002598        0x4 ./profiler.o
                0x20002598                command_read_idx
 .data.command_write_idx
                0x2000259c        0x4 ./profiler.o
                0x2000259c                command_write_idx
 .data.last_turn
                0x200025a0        0x1 ./profiler.o
 *fill*         0x200025a1        0x3 
 .data.OLED_txferCfg
                0x200025a4       0x10 ./spi_drv.o
                0x200025a4                OLED_txferCfg
 .data.OLED_tx_descriptor
                0x200025b4       0x60 ./spi_drv.o
                0x200025b4                OLED_tx_descriptor
 .data.EEPROM_rxferCfg
                0x20002614       0x10 ./spi_drv.o
                0x20002614                EEPROM_rxferCfg
 .data.EEPROM_txferCfg
                0x20002624       0x10 ./spi_drv.o
                0x20002624                EEPROM_txferCfg
 .data.EEPROM_rx_descriptor
                0x20002634       0x20 ./spi_drv.o
                0x20002634                EEPROM_rx_descriptor
 .data.EEPROM_tx_descriptor
                0x20002654       0x40 ./spi_drv.o
                0x20002654                EEPROM_tx_descriptor
 .data.EExchfertx
                0x20002694       0x10 ./spi_drv.o
                0x20002694                EExchfertx
 .data.EExchferrx
                0x200026a4       0x10 ./spi_drv.o
                0x200026a4                EExchferrx
 .data.SystemHFXOClock
                0x200026b4        0x4 ./gecko_sdk_4.0.2/platform/Device/SiliconLabs/EFM32GG12B/Source/system_efm32gg12b.o
 .data.SystemLFXOClock
                0x200026b8        0x4 ./gecko_sdk_4.0.2/platform/Device/SiliconLabs/EFM32GG12B/Source/system_efm32gg12b.o
 .data.SystemCoreClock
                0x200026bc        0x4 ./gecko_sdk_4.0.2/platform/Device/SiliconLabs/EFM32GG12B/Source/system_efm32gg12b.o
                0x200026bc                SystemCoreClock
 .data.SystemHfrcoFreq
                0x200026c0        0x4 ./gecko_sdk_4.0.2/platform/Device/SiliconLabs/EFM32GG12B/Source/system_efm32gg12b.o
                0x200026c0                SystemHfrcoFreq
 .data.auxHfrcoFreq
                0x200026c4        0x4 ./gecko_sdk_4.0.2/platform/emlib/src/em_cmu.o
 .data.ushfrcoFreq
                0x200026c8        0x4 ./gecko_sdk_4.0.2/platform/emlib/src/em_cmu.o
 .data.lfxo_precision
                0x200026cc        0x2 ./gecko_sdk_4.0.2/platform/emlib/src/em_cmu.o
 *fill*         0x200026ce        0x2 
 .data._impure_ptr
                0x200026d0        0x4 c:/siliconlabs/simplicitystudio/v5/developer/toolchains/gnu_arm/7.2_2017q4/bin/../lib/gcc/arm-none-eabi/7.2.1/../../../../arm-none-eabi/lib/thumb/v7e-m/fpv4-sp/softfp\libc_nano.a(lib_a-impure.o)
                0x200026d0                _impure_ptr
 .data.impure_data
                0x200026d4       0x60 c:/siliconlabs/simplicitystudio/v5/developer/toolchains/gnu_arm/7.2_2017q4/bin/../lib/gcc/arm-none-eabi/7.2.1/../../../../arm-none-eabi/lib/thumb/v7e-m/fpv4-sp/softfp\libc_nano.a(lib_a-impure.o)
 .data.__fdlib_version
                0x20002734        0x1 c:/siliconlabs/simplicitystudio/v5/developer/toolchains/gnu_arm/7.2_2017q4/bin/../lib/gcc/arm-none-eabi/7.2.1/../../../../arm-none-eabi/lib/thumb/v7e-m/fpv4-sp/softfp\libm.a(lib_a-s_lib_ver.o)
                0x20002734                __fdlib_version
                0x20002738                . = ALIGN (0x4)
 *fill*         0x20002735        0x3 
                [!provide]                PROVIDE (__ram_func_section_start, .)
 *(.ram)
                [!provide]                PROVIDE (__ram_func_section_end, .)
                0x20002738                . = ALIGN (0x4)
                0x20002738                PROVIDE (__preinit_array_start, .)
 *(.preinit_array)
                0x20002738                PROVIDE (__preinit_array_end, .)
                0x20002738                . = ALIGN (0x4)
                0x20002738                PROVIDE (__init_array_start, .)
 *(SORT_BY_NAME(.init_array.*))
 *(.init_array)
 .init_array    0x20002738        0x4 c:/siliconlabs/simplicitystudio/v5/developer/toolchains/gnu_arm/7.2_2017q4/bin/../lib/gcc/arm-none-eabi/7.2.1/thumb/v7e-m/fpv4-sp/softfp/crtbegin.o
                0x2000273c                PROVIDE (__init_array_end, .)
                0x2000273c                . = ALIGN (0x4)
                [!provide]                PROVIDE (__fini_array_start, .)
 *(SORT_BY_NAME(.fini_array.*))
 *(.fini_array)
 .fini_array    0x2000273c        0x4 c:/siliconlabs/simplicitystudio/v5/developer/toolchains/gnu_arm/7.2_2017q4/bin/../lib/gcc/arm-none-eabi/7.2.1/thumb/v7e-m/fpv4-sp/softfp/crtbegin.o
                [!provide]                PROVIDE (__fini_array_end, .)
                0x20002740                . = ALIGN (0x4)
                0x20002740                __data_end__ = .

.igot.plt       0x20002740        0x0 load address 0x00012eec
 .igot.plt      0x20002740        0x0 c:/siliconlabs/simplicitystudio/v5/developer/toolchains/gnu_arm/7.2_2017q4/bin/../lib/gcc/arm-none-eabi/7.2.1/thumb/v7e-m/fpv4-sp/softfp/crtbegin.o

.bss            0x20002740    0x2ad14 load address 0x00012eec
                0x20002740                . = ALIGN (0x4)
                0x20002740                __bss_start__ = .
 *(.bss*)
 .bss           0x20002740       0x1c c:/siliconlabs/simplicitystudio/v5/developer/toolchains/gnu_arm/7.2_2017q4/bin/../lib/gcc/arm-none-eabi/7.2.1/thumb/v7e-m/fpv4-sp/softfp/crtbegin.o
 .bss.letimer_run
                0x2000275c        0x4 ./LE_timer0.o
                0x2000275c                letimer_run
 .bss.launchpad_LED_state
                0x20002760        0x4 ./LaunchPad.o
                0x20002760                launchpad_LED_state
 .bss.buffer_ptr
                0x20002764        0x4 ./Logging.o
 .bss.eeprom_address
                0x20002768        0x4 ./Logging.o
 .bss.current_buffer
                0x2000276c        0x4 ./Logging.o
 .bss.log_state
                0x20002770        0x4 ./Logging.o
 .bss.log_size  0x20002774        0x4 ./Logging.o
 .bss.log_watermark
                0x20002778        0x4 ./Logging.o
 .bss.log_place_available
                0x2000277c        0x4 ./Logging.o
 .bss.buffer_count
                0x20002780        0x4 ./Logging.o
 .bss.path_length_table
                0x20002784      0x640 ./Maze.o
 .bss.sort_idx  0x20002dc4      0x100 ./Maze.o
 .bss.sort_tail
                0x20002ec4        0x4 ./Maze.o
 .bss.XstartL   0x20002ec8        0x4 ./Motor_withPI.o
                0x20002ec8                XstartL
 .bss.XstartR   0x20002ecc        0x4 ./Motor_withPI.o
                0x20002ecc                XstartR
 .bss.motor_delay
                0x20002ed0        0x4 ./Motor_withPI.o
                0x20002ed0                motor_delay
 .bss.XprimeL.8231
                0x20002ed4        0x4 ./Motor_withPI.o
 .bss.XprimeR.8236
                0x20002ed8        0x4 ./Motor_withPI.o
 .bss.ErrorL.8232
                0x20002edc        0x4 ./Motor_withPI.o
 .bss.ErrorR.8237
                0x20002ee0        0x4 ./Motor_withPI.o
 .bss.UIL.8233  0x20002ee4        0x4 ./Motor_withPI.o
 .bss.UIR.8238  0x20002ee8        0x4 ./Motor_withPI.o
 .bss.UPL.8239  0x20002eec        0x4 ./Motor_withPI.o
 .bss.UPR.8234  0x20002ef0        0x4 ./Motor_withPI.o
 .bss.UL.8240   0x20002ef4        0x4 ./Motor_withPI.o
 .bss.UR.8235   0x20002ef8        0x4 ./Motor_withPI.o
 .bss.current_sensor
                0x20002efc        0x4 ./Reflectance_ADC.o
                0x20002efc                current_sensor
 .bss.log_array
                0x20002f00     0x7d00 ./Reflectance_ADC.o
 .bss.log_array_ptr
                0x2000ac00        0x4 ./Reflectance_ADC.o
 .bss.refl_fail
                0x2000ac04        0x4 ./Reflectance_ADC.o
                0x2000ac04                refl_fail
 .bss.RollOverLeft
                0x2000ac08        0x4 ./Tachometer.o
                0x2000ac08                RollOverLeft
 .bss.RollOverRight
                0x2000ac0c        0x4 ./Tachometer.o
                0x2000ac0c                RollOverRight
 .bss.EventCountLeft
                0x2000ac10        0x4 ./Tachometer.o
                0x2000ac10                EventCountLeft
 .bss.EventCountRight
                0x2000ac14        0x4 ./Tachometer.o
                0x2000ac14                EventCountRight
 .bss.Tachometer_PrevTime.8197
                0x2000ac18        0x4 ./Tachometer.o
 .bss.PeriodSum.8199
                0x2000ac1c        0x4 ./Tachometer.o
 .bss.PeriodIndex.8200
                0x2000ac20        0x4 ./Tachometer.o
 .bss.PeriodBuff.8198
                0x2000ac24       0x20 ./Tachometer.o
 .bss.Tachometer_PrevTime.8204
                0x2000ac44        0x4 ./Tachometer.o
 .bss.PeriodSum.8206
                0x2000ac48        0x4 ./Tachometer.o
 .bss.PeriodIndex.8207
                0x2000ac4c        0x4 ./Tachometer.o
 .bss.PeriodBuff.8205
                0x2000ac50       0x20 ./Tachometer.o
 .bss.Tachometer_SecondTime.8212
                0x2000ac70        0x4 ./Tachometer.o
 .bss.Tachometer_FirstTime.8211
                0x2000ac74        0x4 ./Tachometer.o
 .bss.PeriodSum.8214
                0x2000ac78        0x4 ./Tachometer.o
 .bss.PeriodIndex.8215
                0x2000ac7c        0x4 ./Tachometer.o
 .bss.PeriodBuff.8213
                0x2000ac80       0x20 ./Tachometer.o
 .bss.Tachometer_SecondTime.8220
                0x2000aca0        0x4 ./Tachometer.o
 .bss.Tachometer_FirstTime.8219
                0x2000aca4        0x4 ./Tachometer.o
 .bss.PeriodSum.8222
                0x2000aca8        0x4 ./Tachometer.o
 .bss.PeriodIndex.8223
                0x2000acac        0x4 ./Tachometer.o
 .bss.PeriodBuff.8221
                0x2000acb0       0x20 ./Tachometer.o
 .bss.rxBuffer  0x2000acd0      0x100 ./UART0.o
 .bss.txBuffer  0x2000add0      0x100 ./UART0.o
 .bss.rxWriteIndex
                0x2000aed0        0x4 ./UART0.o
 .bss.rxReadIndex
                0x2000aed4        0x4 ./UART0.o
 .bss.txWriteIndex
                0x2000aed8        0x4 ./UART0.o
 .bss.txReadIndex
                0x2000aedc        0x4 ./UART0.o
 .bss.LPF_start
                0x2000aee0        0x4 ./battery.o
                0x2000aee0                LPF_start
 .bss.color_sensor_present
                0x2000aee4        0x4 ./color_tcs34725.o
                0x2000aee4                color_sensor_present
 .bss.videobuffer
                0x2000aee8       0x80 ./configure.o
 .bss.divider   0x2000af68        0x4 ./configure.o
 .bss.segments.5309
                0x2000af6c     0x2580 ./configure.o
 .bss.disp_delay
                0x2000d4ec        0x4 ./display.o
                0x2000d4ec                disp_delay
 .bss.prevkey.7618
                0x2000d4f0        0x4 ./keyboard.o
 .bss.repeated.7617
                0x2000d4f4        0x4 ./keyboard.o
 .bss.speed     0x2000d4f8        0x4 ./profiler.o
                0x2000d4f8                speed
 .bss.real_direction
                0x2000d4fc        0x4 ./profiler.o
                0x2000d4fc                real_direction
 .bss.profiler_data_ready
                0x2000d500        0x4 ./profiler.o
                0x2000d500                profiler_data_ready
 .bss.profiler_error_code
                0x2000d504        0x4 ./profiler.o
                0x2000d504                profiler_error_code
 .bss.block_command_read
                0x2000d508        0x4 ./profiler.o
                0x2000d508                block_command_read
 .bss.blindcount.7634
                0x2000d50c        0x4 ./profiler.o
 .bss.sigma_error.7636
                0x2000d510        0x4 ./profiler.o
 .bss.finishcount.7635
                0x2000d514        0x4 ./profiler.o
 .bss.prev_track_error.7637
                0x2000d518        0x4 ./profiler.o
 .bss.available.7654
                0x2000d51c        0x4 ./profiler.o
 .bss.delay.7653
                0x2000d520        0x4 ./profiler.o
 .bss.blind.7655
                0x2000d524        0x4 ./profiler.o
 .bss.photo_sensor.7671
                0x2000d528        0x4 ./profiler.o
 .bss.find_line.7670
                0x2000d52c        0x4 ./profiler.o
 .bss.last_status.7686
                0x2000d530        0x4 ./profiler.o
 .bss.count.7685
                0x2000d534        0x4 ./profiler.o
 .bss.last_status.7692
                0x2000d538        0x4 ./profiler.o
 .bss.count.7691
                0x2000d53c        0x4 ./profiler.o
 .bss.state.7707
                0x2000d540        0x1 ./profiler.o
 *fill*         0x2000d541        0x3 
 .bss.tx_busy   0x2000d544        0x4 ./spi_drv.o
                0x2000d544                tx_busy
 .bss.exchange_buffer
                0x2000d548      0x104 ./spi_drv.o
 .bss.dma_flag  0x2000d64c        0x4 ./spi_drv.o
                0x2000d64c                dma_flag
 .bss.source.8673
                0x2000d650        0x4 ./spi_drv.o
 .bss.dcdcMaxCurrent_mA
                0x2000d654        0x2 ./gecko_sdk_4.0.2/platform/emlib/src/em_emu.o
 .bss.dcdcEm01LoadCurrent_mA
                0x2000d656        0x2 ./gecko_sdk_4.0.2/platform/emlib/src/em_emu.o
 .bss.dcdcReverseCurrentControl
                0x2000d658        0x2 ./gecko_sdk_4.0.2/platform/emlib/src/em_emu.o
 *fill*         0x2000d65a        0x2 
 .bss.vScaleEM01Config
                0x2000d65c        0x1 ./gecko_sdk_4.0.2/platform/emlib/src/em_emu.o
 *(COMMON)
 *fill*         0x2000d65d        0x3 
 COMMON         0x2000d660    0x1d6cc ./Logging.o
                0x2000d660                add_count
                0x2000d664                add_log
                0x2002ab24                spi_buffer
 COMMON         0x2002ad2c     0x1774 ./Maze.o
                0x2002ad2c                map
                0x2002bccc                path
                0x2002be5c                length
                0x2002c49c                calculation_time
 COMMON         0x2002c4a0       0x14 ./Motor_withPI.o
                0x2002c4a0                profiler_log_data
 COMMON         0x2002c4b4       0x14 ./Reflectance_ADC.o
                0x2002c4b4                photo_array
                0x2002c4c4                photo_data_ready
 COMMON         0x2002c4c8       0x10 ./Tachometer.o
                0x2002c4c8                TachLeft
                0x2002c4d0                TachRight
 COMMON         0x2002c4d8      0x410 ./battery.o
                0x2002c4d8                LPF_battery
 COMMON         0x2002c8e8        0x9 ./color_tcs34725.o
                0x2002c8e8                color_sensors
                0x2002c8f0                param
 *fill*         0x2002c8f1        0x3 
 COMMON         0x2002c8f4      0x870 ./configure.o
                0x2002c8f4                data
 COMMON         0x2002d164       0x28 ./display.o
                0x2002d164                descLink
                0x2002d184                videobuff
 COMMON         0x2002d18c       0x14 ./i2c_drv.o
                0x2002d18c                i2c_register
                0x2002d190                data_count
                0x2002d194                data_ptr
                0x2002d198                i2c_error_code
                0x2002d19c                i2c_addr
 COMMON         0x2002d1a0        0x4 ./keyboard.o
                0x2002d1a0                kbddelay
 COMMON         0x2002d1a4      0x22c ./profiler.o
                0x2002d1a4                guarddistance
                0x2002d1a8                slow_difference
                0x2002d1ac                node_configuration
                0x2002d1b0                turn_dir
                0x2002d1b4                stop_difference
                0x2002d1b8                startdistance
                0x2002d1bc                segment_length
                0x2002d1c0                slowdistance
                0x2002d1c4                fail_difference
                0x2002d1c8                degree
                0x2002d1cc                wait_counter
                0x2002d1d0                command_queue
 COMMON         0x2002d3d0        0x4 ./rand.o
                0x2002d3d0                M
 COMMON         0x2002d3d4       0x80 ./spi_drv.o
                0x2002d3d4                EEdescLinkrx
                0x2002d404                EEdescLinktx
                0x2002d454                . = ALIGN (0x4)
                0x2002d454                __bss_end__ = .

.heap           0x2002d458     0x2ba8
                0x2002d458                __HeapBase = .
                0x2002d458                __end__ = .
                0x2002d458                end = __end__
                0x2002d458                _end = __end__
 *(.heap*)
 .heap          0x2002d458      0x800 ./gecko_sdk_4.0.2/platform/common/toolchain/src/sl_memory.o
                0x20030000                . = (ORIGIN (RAM) + LENGTH (RAM))
 *fill*         0x2002dc58     0x23a8 
                0x20030000                __HeapLimit = .
                0x00002ba8                __heap_size = (__HeapLimit - __HeapBase)
                0x00100000                __main_flash_end__ = 0x100000

.internal_storage
                0x000127ac        0x0
 *(.internal_storage*)

.nvm            0x000127ac        0x0
 *(.simee*)
                0x00100000                linker_nvm_end = __main_flash_end__
                0x00100000                linker_nvm_begin = (linker_nvm_end - SIZEOF (.nvm))
                0x00000000                linker_nvm_size = SIZEOF (.nvm)
                0x00100000                linker_storage_end = linker_nvm_begin
                0x00100000                linker_storage_begin = (linker_storage_end - SIZEOF (.internal_storage))
                0x00000000                linker_storage_size = SIZEOF (.internal_storage)
                0x00100000                __nvm3Base = linker_nvm_begin
OUTPUT(Maze.axf elf32-littlearm)

.ARM.attributes
                0x00000000       0x2e
 .ARM.attributes
                0x00000000       0x22 c:/siliconlabs/simplicitystudio/v5/developer/toolchains/gnu_arm/7.2_2017q4/bin/../lib/gcc/arm-none-eabi/7.2.1/thumb/v7e-m/fpv4-sp/softfp/crti.o
 .ARM.attributes
                0x00000022       0x32 c:/siliconlabs/simplicitystudio/v5/developer/toolchains/gnu_arm/7.2_2017q4/bin/../lib/gcc/arm-none-eabi/7.2.1/thumb/v7e-m/fpv4-sp/softfp/crtbegin.o
 .ARM.attributes
                0x00000054       0x20 c:/siliconlabs/simplicitystudio/v5/developer/toolchains/gnu_arm/7.2_2017q4/bin/../lib/gcc/arm-none-eabi/7.2.1/../../../../arm-none-eabi/lib/thumb/v7e-m/fpv4-sp/softfp/crt0.o
 .ARM.attributes
                0x00000074       0x37 ./LE_timer0.o
 .ARM.attributes
                0x000000ab       0x37 ./LaunchPad.o
 .ARM.attributes
                0x000000e2       0x37 ./Logging.o
 .ARM.attributes
                0x00000119       0x37 ./Maze.o
 .ARM.attributes
                0x00000150       0x37 ./Motor_withPI.o
 .ARM.attributes
                0x00000187       0x37 ./Reflectance_ADC.o
 .ARM.attributes
                0x000001be       0x37 ./SysTickInts.o
 .ARM.attributes
                0x000001f5       0x37 ./Tachometer.o
 .ARM.attributes
                0x0000022c       0x37 ./UART0.o
 .ARM.attributes
                0x00000263       0x37 ./app.o
 .ARM.attributes
                0x0000029a       0x37 ./battery.o
 .ARM.attributes
                0x000002d1       0x37 ./color_tcs34725.o
 .ARM.attributes
                0x00000308       0x37 ./commandline.o
 .ARM.attributes
                0x0000033f       0x37 ./configure.o
 .ARM.attributes
                0x00000376       0x37 ./crc.o
 .ARM.attributes
                0x000003ad       0x37 ./display.o
 .ARM.attributes
                0x000003e4       0x37 ./fonts.o
 .ARM.attributes
                0x0000041b       0x37 ./i2c_drv.o
 .ARM.attributes
                0x00000452       0x37 ./keyboard.o
 .ARM.attributes
                0x00000489       0x37 ./main.o
 .ARM.attributes
                0x000004c0       0x37 ./placeholder.o
 .ARM.attributes
                0x000004f7       0x37 ./profiler.o
 .ARM.attributes
                0x0000052e       0x37 ./rand.o
 .ARM.attributes
                0x00000565       0x37 ./spi_drv.o
 .ARM.attributes
                0x0000059c       0x37 ./autogen/sl_board_default_init.o
 .ARM.attributes
                0x000005d3       0x37 ./autogen/sl_device_init_clocks.o
 .ARM.attributes
                0x0000060a       0x37 ./autogen/sl_event_handler.o
 .ARM.attributes
                0x00000641       0x37 ./gecko_sdk_4.0.2/hardware/board/src/sl_board_control_gpio.o
 .ARM.attributes
                0x00000678       0x37 ./gecko_sdk_4.0.2/hardware/board/src/sl_board_init.o
 .ARM.attributes
                0x000006af       0x37 ./gecko_sdk_4.0.2/platform/Device/SiliconLabs/EFM32GG12B/Source/GCC/startup_efm32gg12b.o
 .ARM.attributes
                0x000006e6       0x37 ./gecko_sdk_4.0.2/platform/Device/SiliconLabs/EFM32GG12B/Source/system_efm32gg12b.o
 .ARM.attributes
                0x0000071d       0x37 ./gecko_sdk_4.0.2/platform/common/toolchain/src/sl_memory.o
 .ARM.attributes
                0x00000754       0x37 ./gecko_sdk_4.0.2/platform/emlib/src/em_assert.o
 .ARM.attributes
                0x0000078b       0x37 ./gecko_sdk_4.0.2/platform/emlib/src/em_cmu.o
 .ARM.attributes
                0x000007c2       0x37 ./gecko_sdk_4.0.2/platform/emlib/src/em_core.o
 .ARM.attributes
                0x000007f9       0x37 ./gecko_sdk_4.0.2/platform/emlib/src/em_emu.o
 .ARM.attributes
                0x00000830       0x37 ./gecko_sdk_4.0.2/platform/emlib/src/em_gpio.o
 .ARM.attributes
                0x00000867       0x37 ./gecko_sdk_4.0.2/platform/emlib/src/em_ldma.o
 .ARM.attributes
                0x0000089e       0x37 ./gecko_sdk_4.0.2/platform/service/device_init/src/sl_device_init_dcdc_s1.o
 .ARM.attributes
                0x000008d5       0x37 ./gecko_sdk_4.0.2/platform/service/device_init/src/sl_device_init_emu_s1.o
 .ARM.attributes
                0x0000090c       0x37 ./gecko_sdk_4.0.2/platform/service/device_init/src/sl_device_init_hfxo_s1.o
 .ARM.attributes
                0x00000943       0x37 ./gecko_sdk_4.0.2/platform/service/device_init/src/sl_device_init_lfxo_s1.o
 .ARM.attributes
                0x0000097a       0x37 ./gecko_sdk_4.0.2/platform/service/device_init/src/sl_device_init_nvic.o
 .ARM.attributes
                0x000009b1       0x37 ./gecko_sdk_4.0.2/platform/service/system/src/sl_system_init.o
 .ARM.attributes
                0x000009e8       0x37 ./gecko_sdk_4.0.2/platform/service/system/src/sl_system_process_action.o
 .ARM.attributes
                0x00000a1f       0x22 c:/siliconlabs/simplicitystudio/v5/developer/toolchains/gnu_arm/7.2_2017q4/bin/../lib/gcc/arm-none-eabi/7.2.1/thumb/v7e-m/fpv4-sp/softfp\libgcc.a(_arm_addsubdf3.o)
 .ARM.attributes
                0x00000a41       0x22 c:/siliconlabs/simplicitystudio/v5/developer/toolchains/gnu_arm/7.2_2017q4/bin/../lib/gcc/arm-none-eabi/7.2.1/thumb/v7e-m/fpv4-sp/softfp\libgcc.a(_arm_fixdfsi.o)
 .ARM.attributes
                0x00000a63       0x32 c:/siliconlabs/simplicitystudio/v5/developer/toolchains/gnu_arm/7.2_2017q4/bin/../lib/gcc/arm-none-eabi/7.2.1/../../../../arm-none-eabi/lib/thumb/v7e-m/fpv4-sp/softfp\libc_nano.a(lib_a-exit.o)
 .ARM.attributes
                0x00000a95       0x32 c:/siliconlabs/simplicitystudio/v5/developer/toolchains/gnu_arm/7.2_2017q4/bin/../lib/gcc/arm-none-eabi/7.2.1/../../../../arm-none-eabi/lib/thumb/v7e-m/fpv4-sp/softfp\libc_nano.a(lib_a-impure.o)
 .ARM.attributes
                0x00000ac7       0x32 c:/siliconlabs/simplicitystudio/v5/developer/toolchains/gnu_arm/7.2_2017q4/bin/../lib/gcc/arm-none-eabi/7.2.1/../../../../arm-none-eabi/lib/thumb/v7e-m/fpv4-sp/softfp\libc_nano.a(lib_a-init.o)
 .ARM.attributes
                0x00000af9       0x32 c:/siliconlabs/simplicitystudio/v5/developer/toolchains/gnu_arm/7.2_2017q4/bin/../lib/gcc/arm-none-eabi/7.2.1/../../../../arm-none-eabi/lib/thumb/v7e-m/fpv4-sp/softfp\libc_nano.a(lib_a-memcpy-stub.o)
 .ARM.attributes
                0x00000b2b       0x32 c:/siliconlabs/simplicitystudio/v5/developer/toolchains/gnu_arm/7.2_2017q4/bin/../lib/gcc/arm-none-eabi/7.2.1/../../../../arm-none-eabi/lib/thumb/v7e-m/fpv4-sp/softfp\libc_nano.a(lib_a-memset.o)
 .ARM.attributes
                0x00000b5d       0x32 c:/siliconlabs/simplicitystudio/v5/developer/toolchains/gnu_arm/7.2_2017q4/bin/../lib/gcc/arm-none-eabi/7.2.1/../../../../arm-none-eabi/lib/thumb/v7e-m/fpv4-sp/softfp\libm.a(lib_a-w_sqrt.o)
 .ARM.attributes
                0x00000b8f       0x32 c:/siliconlabs/simplicitystudio/v5/developer/toolchains/gnu_arm/7.2_2017q4/bin/../lib/gcc/arm-none-eabi/7.2.1/../../../../arm-none-eabi/lib/thumb/v7e-m/fpv4-sp/softfp\libm.a(lib_a-e_sqrt.o)
 .ARM.attributes
                0x00000bc1       0x32 c:/siliconlabs/simplicitystudio/v5/developer/toolchains/gnu_arm/7.2_2017q4/bin/../lib/gcc/arm-none-eabi/7.2.1/../../../../arm-none-eabi/lib/thumb/v7e-m/fpv4-sp/softfp\libm.a(lib_a-s_lib_ver.o)
 .ARM.attributes
                0x00000bf3       0x32 c:/siliconlabs/simplicitystudio/v5/developer/toolchains/gnu_arm/7.2_2017q4/bin/../lib/gcc/arm-none-eabi/7.2.1/../../../../arm-none-eabi/lib/thumb/v7e-m/fpv4-sp/softfp\libm.a(lib_a-s_matherr.o)
 .ARM.attributes
                0x00000c25       0x32 c:/siliconlabs/simplicitystudio/v5/developer/toolchains/gnu_arm/7.2_2017q4/bin/../lib/gcc/arm-none-eabi/7.2.1/../../../../arm-none-eabi/lib/thumb/v7e-m/fpv4-sp/softfp\libnosys.a(_exit.o)
 .ARM.attributes
                0x00000c57       0x22 c:/siliconlabs/simplicitystudio/v5/developer/toolchains/gnu_arm/7.2_2017q4/bin/../lib/gcc/arm-none-eabi/7.2.1/thumb/v7e-m/fpv4-sp/softfp\libgcc.a(_arm_muldivdf3.o)
 .ARM.attributes
                0x00000c79       0x22 c:/siliconlabs/simplicitystudio/v5/developer/toolchains/gnu_arm/7.2_2017q4/bin/../lib/gcc/arm-none-eabi/7.2.1/thumb/v7e-m/fpv4-sp/softfp\libgcc.a(_arm_cmpdf2.o)
 .ARM.attributes
                0x00000c9b       0x22 c:/siliconlabs/simplicitystudio/v5/developer/toolchains/gnu_arm/7.2_2017q4/bin/../lib/gcc/arm-none-eabi/7.2.1/thumb/v7e-m/fpv4-sp/softfp\libgcc.a(_arm_unorddf2.o)
 .ARM.attributes
                0x00000cbd       0x32 c:/siliconlabs/simplicitystudio/v5/developer/toolchains/gnu_arm/7.2_2017q4/bin/../lib/gcc/arm-none-eabi/7.2.1/../../../../arm-none-eabi/lib/thumb/v7e-m/fpv4-sp/softfp\libc_nano.a(lib_a-errno.o)
 .ARM.attributes
                0x00000cef       0x22 c:/siliconlabs/simplicitystudio/v5/developer/toolchains/gnu_arm/7.2_2017q4/bin/../lib/gcc/arm-none-eabi/7.2.1/thumb/v7e-m/fpv4-sp/softfp/crtn.o

.comment        0x00000000       0x7e
 .comment       0x00000000       0x7e ./LE_timer0.o
                                 0x7f (size before relaxing)
 .comment       0x0000007e       0x7f ./LaunchPad.o
 .comment       0x0000007e       0x7f ./Logging.o
 .comment       0x0000007e       0x7f ./Maze.o
 .comment       0x0000007e       0x7f ./Motor_withPI.o
 .comment       0x0000007e       0x7f ./Reflectance_ADC.o
 .comment       0x0000007e       0x7f ./SysTickInts.o
 .comment       0x0000007e       0x7f ./Tachometer.o
 .comment       0x0000007e       0x7f ./UART0.o
 .comment       0x0000007e       0x7f ./app.o
 .comment       0x0000007e       0x7f ./battery.o
 .comment       0x0000007e       0x7f ./color_tcs34725.o
 .comment       0x0000007e       0x7f ./commandline.o
 .comment       0x0000007e       0x7f ./configure.o
 .comment       0x0000007e       0x7f ./crc.o
 .comment       0x0000007e       0x7f ./display.o
 .comment       0x0000007e       0x7f ./fonts.o
 .comment       0x0000007e       0x7f ./i2c_drv.o
 .comment       0x0000007e       0x7f ./keyboard.o
 .comment       0x0000007e       0x7f ./main.o
 .comment       0x0000007e       0x7f ./placeholder.o
 .comment       0x0000007e       0x7f ./profiler.o
 .comment       0x0000007e       0x7f ./rand.o
 .comment       0x0000007e       0x7f ./spi_drv.o
 .comment       0x0000007e       0x7f ./autogen/sl_board_default_init.o
 .comment       0x0000007e       0x7f ./autogen/sl_device_init_clocks.o
 .comment       0x0000007e       0x7f ./autogen/sl_event_handler.o
 .comment       0x0000007e       0x7f ./gecko_sdk_4.0.2/hardware/board/src/sl_board_control_gpio.o
 .comment       0x0000007e       0x7f ./gecko_sdk_4.0.2/hardware/board/src/sl_board_init.o
 .comment       0x0000007e       0x7f ./gecko_sdk_4.0.2/platform/Device/SiliconLabs/EFM32GG12B/Source/GCC/startup_efm32gg12b.o
 .comment       0x0000007e       0x7f ./gecko_sdk_4.0.2/platform/Device/SiliconLabs/EFM32GG12B/Source/system_efm32gg12b.o
 .comment       0x0000007e       0x7f ./gecko_sdk_4.0.2/platform/common/toolchain/src/sl_memory.o
 .comment       0x0000007e       0x7f ./gecko_sdk_4.0.2/platform/emlib/src/em_assert.o
 .comment       0x0000007e       0x7f ./gecko_sdk_4.0.2/platform/emlib/src/em_cmu.o
 .comment       0x0000007e       0x7f ./gecko_sdk_4.0.2/platform/emlib/src/em_core.o
 .comment       0x0000007e       0x7f ./gecko_sdk_4.0.2/platform/emlib/src/em_emu.o
 .comment       0x0000007e       0x7f ./gecko_sdk_4.0.2/platform/emlib/src/em_gpio.o
 .comment       0x0000007e       0x7f ./gecko_sdk_4.0.2/platform/emlib/src/em_ldma.o
 .comment       0x0000007e       0x7f ./gecko_sdk_4.0.2/platform/service/device_init/src/sl_device_init_dcdc_s1.o
 .comment       0x0000007e       0x7f ./gecko_sdk_4.0.2/platform/service/device_init/src/sl_device_init_emu_s1.o
 .comment       0x0000007e       0x7f ./gecko_sdk_4.0.2/platform/service/device_init/src/sl_device_init_hfxo_s1.o
 .comment       0x0000007e       0x7f ./gecko_sdk_4.0.2/platform/service/device_init/src/sl_device_init_lfxo_s1.o
 .comment       0x0000007e       0x7f ./gecko_sdk_4.0.2/platform/service/device_init/src/sl_device_init_nvic.o
 .comment       0x0000007e       0x7f ./gecko_sdk_4.0.2/platform/service/system/src/sl_system_init.o